Component: ARM Compiler 5.06 update 7 (build 960) Tool: armlink [4d3601]

==============================================================================

Section Cross References

    startup_stm32f429xx.o(RESET) refers to startup_stm32f429xx.o(STACK) for __initial_sp
    startup_stm32f429xx.o(RESET) refers to startup_stm32f429xx.o(.text) for Reset_Handler
    startup_stm32f429xx.o(RESET) refers to stm32f4xx_it.o(i.NMI_Handler) for NMI_Handler
    startup_stm32f429xx.o(RESET) refers to stm32f4xx_it.o(i.HardFault_Handler) for HardFault_Handler
    startup_stm32f429xx.o(RESET) refers to stm32f4xx_it.o(i.MemManage_Handler) for MemManage_Handler
    startup_stm32f429xx.o(RESET) refers to stm32f4xx_it.o(i.BusFault_Handler) for BusFault_Handler
    startup_stm32f429xx.o(RESET) refers to stm32f4xx_it.o(i.UsageFault_Handler) for UsageFault_Handler
    startup_stm32f429xx.o(RESET) refers to port.o(.emb_text) for SVC_Handler
    startup_stm32f429xx.o(RESET) refers to stm32f4xx_it.o(i.DebugMon_Handler) for DebugMon_Handler
    startup_stm32f429xx.o(RESET) refers to port.o(i.SysTick_Handler) for SysTick_Handler
    startup_stm32f429xx.o(RESET) refers to stm32f4xx_it.o(i.TIM1_UP_TIM10_IRQHandler) for TIM1_UP_TIM10_IRQHandler
    startup_stm32f429xx.o(RESET) refers to stm32f4xx_it.o(i.USART3_IRQHandler) for USART3_IRQHandler
    startup_stm32f429xx.o(RESET) refers to stm32f4xx_it.o(i.TIM6_DAC_IRQHandler) for TIM6_DAC_IRQHandler
    startup_stm32f429xx.o(RESET) refers to stm32f4xx_it.o(i.ETH_IRQHandler) for ETH_IRQHandler
    startup_stm32f429xx.o(.text) refers to system_stm32f4xx.o(i.SystemInit) for SystemInit
    startup_stm32f429xx.o(.text) refers to entry.o(.ARM.Collect$$$$00000000) for __main
    main.o(i.HAL_TIM_PeriodElapsedCallback) refers to stm32f4xx_hal.o(i.HAL_IncTick) for HAL_IncTick
    main.o(i.HAL_TIM_PeriodElapsedCallback) refers to main.o(.data) for .data
    main.o(i.SystemClock_Config) refers to memseta.o(.text) for __aeabi_memclr4
    main.o(i.SystemClock_Config) refers to stm32f4xx_hal_rcc.o(i.HAL_RCC_OscConfig) for HAL_RCC_OscConfig
    main.o(i.SystemClock_Config) refers to stm32f4xx_hal_pwr_ex.o(i.HAL_PWREx_EnableOverDrive) for HAL_PWREx_EnableOverDrive
    main.o(i.SystemClock_Config) refers to stm32f4xx_hal_rcc.o(i.HAL_RCC_ClockConfig) for HAL_RCC_ClockConfig
    main.o(i.fputc) refers to stm32f4xx_hal_uart.o(i.HAL_UART_Transmit) for HAL_UART_Transmit
    main.o(i.fputc) refers to usart.o(.bss) for huart3
    main.o(i.main) refers to stm32f4xx_hal.o(i.HAL_Init) for HAL_Init
    main.o(i.main) refers to main.o(i.SystemClock_Config) for SystemClock_Config
    main.o(i.main) refers to gpio.o(i.MX_GPIO_Init) for MX_GPIO_Init
    main.o(i.main) refers to usart.o(i.MX_USART3_UART_Init) for MX_USART3_UART_Init
    main.o(i.main) refers to tim.o(i.MX_TIM6_Init) for MX_TIM6_Init
    main.o(i.main) refers to stm32f4xx_hal_tim.o(i.HAL_TIM_Base_Start_IT) for HAL_TIM_Base_Start_IT
    main.o(i.main) refers to freertos.o(i.MX_FREERTOS_Init) for MX_FREERTOS_Init
    main.o(i.main) refers to cmsis_os.o(i.osKernelStart) for osKernelStart
    main.o(i.main) refers to tim.o(.bss) for htim6
    gpio.o(i.MX_GPIO_Init) refers to memseta.o(.text) for __aeabi_memclr4
    gpio.o(i.MX_GPIO_Init) refers to stm32f4xx_hal_gpio.o(i.HAL_GPIO_WritePin) for HAL_GPIO_WritePin
    gpio.o(i.MX_GPIO_Init) refers to stm32f4xx_hal_gpio.o(i.HAL_GPIO_Init) for HAL_GPIO_Init
    freertos.o(i.MX_FREERTOS_Init) refers to memmovea.o(.text) for __aeabi_memcpy4
    freertos.o(i.MX_FREERTOS_Init) refers to cmsis_os.o(i.osThreadCreate) for osThreadCreate
    freertos.o(i.MX_FREERTOS_Init) refers to freertos.o(.constdata) for .constdata
    freertos.o(i.MX_FREERTOS_Init) refers to freertos.o(.data) for .data
    freertos.o(i.StartDefaultTask) refers to lwip.o(i.MX_LWIP_Init) for MX_LWIP_Init
    freertos.o(i.StartDefaultTask) refers to sockets.o(i.lwip_socket) for lwip_socket
    freertos.o(i.StartDefaultTask) refers to tasks.o(i.vTaskDelay) for vTaskDelay
    freertos.o(i.StartDefaultTask) refers to def.o(i.lwip_htons) for lwip_htons
    freertos.o(i.StartDefaultTask) refers to ip4_addr.o(i.ipaddr_addr) for ipaddr_addr
    freertos.o(i.StartDefaultTask) refers to sockets.o(i.lwip_connect) for lwip_connect
    freertos.o(i.StartDefaultTask) refers to printf3.o(i.__0printf$3) for __2printf
    freertos.o(i.StartDefaultTask) refers to memmovea.o(.text) for __aeabi_memcpy4
    freertos.o(i.StartDefaultTask) refers to sockets.o(i.lwip_write) for lwip_write
    freertos.o(i.StartDefaultTask) refers to sockets.o(i.lwip_close) for lwip_close
    freertos.o(i.StartDefaultTask) refers to stm32f4xx_hal_gpio.o(i.HAL_GPIO_TogglePin) for HAL_GPIO_TogglePin
    freertos.o(i.StartTask02) refers to calloc.o(.text) for calloc
    freertos.o(i.StartTask02) refers to tasks.o(i.vTaskList) for vTaskList
    freertos.o(i.StartTask02) refers to printf3.o(i.__0printf$3) for __2printf
    freertos.o(i.StartTask02) refers to memseta.o(.text) for __aeabi_memclr
[...]
    sys_arch_mbox_tryfetch                   0x0800a675   Thumb Code    34  sys_arch.o(i.sys_arch_mbox_tryfetch)
    sys_arch_protect                         0x0800a699   Thumb Code    18  sys_arch.o(i.sys_arch_protect)
    sys_arch_sem_wait                        0x0800a6b1   Thumb Code    56  sys_arch.o(i.sys_arch_sem_wait)
    sys_arch_unprotect                       0x0800a6e9   Thumb Code     8  sys_arch.o(i.sys_arch_unprotect)
    sys_check_timeouts                       0x0800a6f5   Thumb Code    62  timeouts.o(i.sys_check_timeouts)
    sys_init                                 0x0800a739   Thumb Code    14  sys_arch.o(i.sys_init)
    sys_mbox_free                            0x0800a751   Thumb Code    20  sys_arch.o(i.sys_mbox_free)
    sys_mbox_new                             0x0800a765   Thumb Code    40  sys_arch.o(i.sys_mbox_new)
    sys_mbox_set_invalid                     0x0800a791   Thumb Code     6  sys_arch.o(i.sys_mbox_set_invalid)
    sys_mbox_trypost                         0x0800a797   Thumb Code    20  sys_arch.o(i.sys_mbox_trypost)
    sys_mbox_valid                           0x0800a7ab   Thumb Code    10  sys_arch.o(i.sys_mbox_valid)
    sys_mutex_lock                           0x0800a7b5   Thumb Code    10  sys_arch.o(i.sys_mutex_lock)
    sys_mutex_new                            0x0800a7bf   Thumb Code    30  sys_arch.o(i.sys_mutex_new)
    sys_mutex_unlock                         0x0800a7dd   Thumb Code     6  sys_arch.o(i.sys_mutex_unlock)
    sys_now                                  0x0800a7e3   Thumb Code     4  ethernetif.o(i.sys_now)
    sys_sem_free                             0x0800a7e7   Thumb Code     6  sys_arch.o(i.sys_sem_free)
    sys_sem_new                              0x0800a7ed   Thumb Code    44  sys_arch.o(i.sys_sem_new)
    sys_sem_set_invalid                      0x0800a819   Thumb Code     6  sys_arch.o(i.sys_sem_set_invalid)
    sys_sem_signal                           0x0800a81f   Thumb Code     6  sys_arch.o(i.sys_sem_signal)
    sys_sem_valid                            0x0800a825   Thumb Code    10  sys_arch.o(i.sys_sem_valid)
    sys_thread_new                           0x0800a82f   Thumb Code    48  sys_arch.o(i.sys_thread_new)
    sys_timeout                              0x0800a861   Thumb Code    46  timeouts.o(i.sys_timeout)
    sys_timeouts_init                        0x0800aa1d   Thumb Code    30  timeouts.o(i.sys_timeouts_init)
    sys_timeouts_sleeptime                   0x0800aa45   Thumb Code    34  timeouts.o(i.sys_timeouts_sleeptime)
    tcp_abandon                              0x0800aa6d   Thumb Code   256  tcp.o(i.tcp_abandon)
    tcp_abort                                0x0800ac19   Thumb Code     6  tcp.o(i.tcp_abort)
    tcp_accept                               0x0800ac1f   Thumb Code    14  tcp.o(i.tcp_accept)
    tcp_alloc                                0x0800ac2d   Thumb Code   280  tcp.o(i.tcp_alloc)
    tcp_arg                                  0x0800ad51   Thumb Code     8  tcp.o(i.tcp_arg)
    tcp_close                                0x0800ad59   Thumb Code    48  tcp.o(i.tcp_close)
    tcp_connect                              0x0800b099   Thumb Code   284  tcp.o(i.tcp_connect)
    tcp_eff_send_mss_netif                   0x0800b3f9   Thumb Code    54  tcp.o(i.tcp_eff_send_mss_netif)
    tcp_enqueue_flags                        0x0800b4b1   Thumb Code   268  tcp_out.o(i.tcp_enqueue_flags)
    tcp_err                                  0x0800b6e5   Thumb Code    34  tcp.o(i.tcp_err)
    tcp_fasttmr                              0x0800b789   Thumb Code   102  tcp.o(i.tcp_fasttmr)
    tcp_free                                 0x0800b7f5   Thumb Code    34  tcp.o(i.tcp_free)
    tcp_free_ooseq                           0x0800b9c1   Thumb Code    20  tcp.o(i.tcp_free_ooseq)
    tcp_init                                 0x0800b9fd   Thumb Code    20  tcp.o(i.tcp_init)
    tcp_input                                0x0800ba15   Thumb Code  1584  tcp_in.o(i.tcp_input)
    tcp_keepalive                            0x0800c139   Thumb Code    82  tcp_out.o(i.tcp_keepalive)
    tcp_netif_ip_addr_changed                0x0800c4c9   Thumb Code    70  tcp.o(i.tcp_netif_ip_addr_changed)
    tcp_new_ip_type                          0x0800c5d5   Thumb Code     6  tcp.o(i.tcp_new_ip_type)
    tcp_next_iss                             0x0800c63d   Thumb Code    32  tcp.o(i.tcp_next_iss)
    tcp_output                               0x0800c7e1   Thumb Code   552  tcp_out.o(i.tcp_output)
    tcp_pcb_purge                            0x0800d325   Thumb Code    88  tcp.o(i.tcp_pcb_purge)
    tcp_pcb_remove                           0x0800d3f1   Thumb Code   174  tcp.o(i.tcp_pcb_remove)
    tcp_poll                                 0x0800d581   Thumb Code    58  tcp.o(i.tcp_poll)
    tcp_process_refused_data                 0x0800db11   Thumb Code   132  tcp.o(i.tcp_process_refused_data)
    tcp_recv                                 0x0800e519   Thumb Code    34  tcp.o(i.tcp_recv)
    tcp_recv_null                            0x0800e5bd   Thumb Code    60  tcp.o(i.tcp_recv_null)
    tcp_recved                               0x0800e66d   Thumb Code   104  tcp.o(i.tcp_recved)
    tcp_rexmit                               0x0800e7c5   Thumb Code   118  tcp_out.o(i.tcp_rexmit)
    tcp_rexmit_fast                          0x0800e8b1   Thumb Code   108  tcp_out.o(i.tcp_rexmit_fast)
    tcp_rexmit_rto                           0x0800e999   Thumb Code    42  tcp_out.o(i.tcp_rexmit_rto)
    tcp_rexmit_rto_commit                    0x0800ea3d   Thumb Code    44  tcp_out.o(i.tcp_rexmit_rto_commit)
    tcp_rexmit_rto_prepare                   0x0800eae9   Thumb Code   118  tcp_out.o(i.tcp_rexmit_rto_prepare)
    tcp_rst                                  0x0800ebf1   Thumb Code   128  tcp_out.o(i.tcp_rst)
    tcp_seg_copy                             0x0800ed05   Thumb Code    56  tcp.o(i.tcp_seg_copy)
    tcp_seg_free                             0x0800edb1   Thumb Code    28  tcp.o(i.tcp_seg_free)
    tcp_segs_free                            0x0800edcd   Thumb Code    18  tcp.o(i.tcp_segs_free)
    tcp_send_empty_ack                       0x0800ede1   Thumb Code   110  tcp_out.o(i.tcp_send_empty_ack)
    tcp_send_fin                             0x0800eecd   Thumb Code    84  tcp_out.o(i.tcp_send_fin)
    tcp_sent                                 0x0800ef99   Thumb Code    34  tcp.o(i.tcp_sent)
    tcp_shutdown                             0x0800f03d   Thumb Code   104  tcp.o(i.tcp_shutdown)
    tcp_slowtmr                              0x0800f119   Thumb Code  1360  tcp.o(i.tcp_slowtmr)
    tcp_split_unsent_seg                     0x0800f6e9   Thumb Code   360  tcp_out.o(i.tcp_split_unsent_seg)
    tcp_timer_needed                         0x0800f915   Thumb Code    36  timeouts.o(i.tcp_timer_needed)
    tcp_tmr                                  0x0800fa49   Thumb Code    28  tcp.o(i.tcp_tmr)
    tcp_trigger_input_pcb_close              0x0800fa69   Thumb Code    12  tcp_in.o(i.tcp_trigger_input_pcb_close)
    tcp_update_rcv_ann_wnd                   0x0800fa79   Thumb Code    92  tcp.o(i.tcp_update_rcv_ann_wnd)
    tcp_write                                0x0800fb6d   Thumb Code  1688  tcp_out.o(i.tcp_write)
    tcp_zero_window_probe                    0x08010399   Thumb Code   190  tcp_out.o(i.tcp_zero_window_probe)
    tcpip_init                               0x080104d9   Thumb Code    88  tcpip.o(i.tcpip_init)
    tcpip_inpkt                              0x080105e9   Thumb Code    82  tcpip.o(i.tcpip_inpkt)
    tcpip_input                              0x080106a9   Thumb Code    20  tcpip.o(i.tcpip_input)
    tcpip_send_msg_wait_sem                  0x080106c5   Thumb Code    26  tcpip.o(i.tcpip_send_msg_wait_sem)
    tcpip_try_callback                       0x080108e1   Thumb Code    78  tcpip.o(i.tcpip_try_callback)
    uxListRemove                             0x080109c5   Thumb Code    38  list.o(i.uxListRemove)
    uxQueueMessagesWaiting                   0x080109eb   Thumb Code    36  queue.o(i.uxQueueMessagesWaiting)
    uxQueueMessagesWaitingFromISR            0x08010a0f   Thumb Code    22  queue.o(i.uxQueueMessagesWaitingFromISR)
    uxTaskGetSystemState                     0x08010a25   Thumb Code   162  tasks.o(i.uxTaskGetSystemState)
    vApplicationGetIdleTaskMemory            0x08010ad1   Thumb Code    16  freertos.o(i.vApplicationGetIdleTaskMemory)
    vListInitialise                          0x08010ae5   Thumb Code    22  list.o(i.vListInitialise)
    vListInitialiseItem                      0x08010afb   Thumb Code     6  list.o(i.vListInitialiseItem)
    vListInsert                              0x08010b01   Thumb Code    48  list.o(i.vListInsert)
    vListInsertEnd                           0x08010b31   Thumb Code    24  list.o(i.vListInsertEnd)
    vPortEnterCritical                       0x08010b49   Thumb Code    54  port.o(i.vPortEnterCritical)
    vPortExitCritical                        0x08010b89   Thumb Code    34  port.o(i.vPortExitCritical)
    vPortFree                                0x08010bb1   Thumb Code    94  heap_4.o(i.vPortFree)
    vPortSetupTimerInterrupt                 0x08010c15   Thumb Code    32  port.o(i.vPortSetupTimerInterrupt)
    vPortValidateInterruptPriority           0x08010c39   Thumb Code    74  port.o(i.vPortValidateInterruptPriority)
    vQueueDelete                             0x08010c8d   Thumb Code    46  queue.o(i.vQueueDelete)
    vQueueUnregisterQueue                    0x08010cbd   Thumb Code    36  queue.o(i.vQueueUnregisterQueue)
    vTaskDelay                               0x08010ce5   Thumb Code    66  tasks.o(i.vTaskDelay)
    vTaskGetInfo                             0x08010d31   Thumb Code   126  tasks.o(i.vTaskGetInfo)
    vTaskGetRunTimeStats                     0x08010db5   Thumb Code   134  tasks.o(i.vTaskGetRunTimeStats)
    vTaskInternalSetTimeOutState             0x08010e59   Thumb Code    12  tasks.o(i.vTaskInternalSetTimeOutState)
    vTaskList                                0x08010e69   Thumb Code   150  tasks.o(i.vTaskList)
    vTaskMissedYield                         0x08010f15   Thumb Code     8  tasks.o(i.vTaskMissedYield)
    vTaskPlaceOnEventList                    0x08010f21   Thumb Code    44  tasks.o(i.vTaskPlaceOnEventList)
    vTaskPriorityDisinheritAfterTimeout      0x08010f51   Thumb Code   152  tasks.o(i.vTaskPriorityDisinheritAfterTimeout)
    vTaskStartScheduler                      0x08010ff1   Thumb Code    94  tasks.o(i.vTaskStartScheduler)
    vTaskSuspendAll                          0x08011061   Thumb Code    10  tasks.o(i.vTaskSuspendAll)
    vTaskSwitchContext                       0x08011071   Thumb Code   108  tasks.o(i.vTaskSwitchContext)
    xPortGetFreeHeapSize                     0x080110e5   Thumb Code     6  heap_4.o(i.xPortGetFreeHeapSize)
    xPortStartScheduler                      0x080110f1   Thumb Code   222  port.o(i.xPortStartScheduler)
    xQueueCreateMutex                        0x080111e5   Thumb Code    22  queue.o(i.xQueueCreateMutex)
    xQueueCreateMutexStatic                  0x080111fb   Thumb Code    26  queue.o(i.xQueueCreateMutexStatic)
    xQueueGenericCreate                      0x08011215   Thumb Code    66  queue.o(i.xQueueGenericCreate)
    xQueueGenericCreateStatic                0x08011257   Thumb Code   102  queue.o(i.xQueueGenericCreateStatic)
    xQueueGenericReset                       0x080112bd   Thumb Code   132  queue.o(i.xQueueGenericReset)
    xQueueGenericSend                        0x08011345   Thumb Code   346  queue.o(i.xQueueGenericSend)
    xQueueGenericSendFromISR                 0x080114a5   Thumb Code   190  queue.o(i.xQueueGenericSendFromISR)
    xQueueGiveFromISR                        0x08011563   Thumb Code   156  queue.o(i.xQueueGiveFromISR)
    xQueueReceive                            0x08011601   Thumb Code   308  queue.o(i.xQueueReceive)
    xQueueReceiveFromISR                     0x08011739   Thumb Code   154  queue.o(i.xQueueReceiveFromISR)
    xQueueSemaphoreTake                      0x080117d5   Thumb Code   372  queue.o(i.xQueueSemaphoreTake)
    xTaskCheckForTimeOut                     0x0801194d   Thumb Code   112  tasks.o(i.xTaskCheckForTimeOut)
    xTaskCreate                              0x080119c1   Thumb Code    90  tasks.o(i.xTaskCreate)
    xTaskCreateStatic                        0x08011a1b   Thumb Code    86  tasks.o(i.xTaskCreateStatic)
    xTaskGetSchedulerState                   0x08011a71   Thumb Code    22  tasks.o(i.xTaskGetSchedulerState)
    xTaskGetTickCount                        0x08011a8d   Thumb Code     6  tasks.o(i.xTaskGetTickCount)
    xTaskGetTickCountFromISR                 0x08011a99   Thumb Code    12  tasks.o(i.xTaskGetTickCountFromISR)
    xTaskIncrementTick                       0x08011aa9   Thumb Code   194  tasks.o(i.xTaskIncrementTick)
    xTaskPriorityDisinherit                  0x08011b75   Thumb Code   144  tasks.o(i.xTaskPriorityDisinherit)
    xTaskPriorityInherit                     0x08011c0d   Thumb Code   130  tasks.o(i.xTaskPriorityInherit)
    xTaskRemoveFromEventList                 0x08011c99   Thumb Code   108  tasks.o(i.xTaskRemoveFromEventList)
    xTaskResumeAll                           0x08011d0d   Thumb Code   182  tasks.o(i.xTaskResumeAll)
    AHBPrescTable                            0x08011e24   Data          16  system_stm32f4xx.o(.constdata)
    APBPrescTable                            0x08011e34   Data           8  system_stm32f4xx.o(.constdata)
    memp_RX_POOL                             0x08011e3c   Data          12  ethernetif.o(.constdata)
    ethbroadcast                             0x08011e80   Data           6  ethernet.o(.constdata)
    ethzero                                  0x08011e86   Data           6  ethernet.o(.constdata)
    netconn_aborted                          0x08011e8c   Data           1  api_msg.o(.constdata)
    netconn_reset                            0x08011e8d   Data           1  api_msg.o(.constdata)
    netconn_closed                           0x08011e8e   Data           1  api_msg.o(.constdata)
    memp_TCP_PCB                             0x08011ed4   Data          12  memp.o(.constdata)
    memp_TCP_PCB_LISTEN                      0x08011ee0   Data          12  memp.o(.constdata)
    memp_TCP_SEG                             0x08011eec   Data          12  memp.o(.constdata)
    memp_REASSDATA                           0x08011ef8   Data          12  memp.o(.constdata)
    memp_FRAG_PBUF                           0x08011f04   Data          12  memp.o(.constdata)
    memp_NETBUF                              0x08011f10   Data          12  memp.o(.constdata)
    memp_NETCONN                             0x08011f1c   Data          12  memp.o(.constdata)
    memp_TCPIP_MSG_API                       0x08011f28   Data          12  memp.o(.constdata)
    memp_TCPIP_MSG_INPKT                     0x08011f34   Data          12  memp.o(.constdata)
    memp_SYS_TIMEOUT                         0x08011f40   Data          12  memp.o(.constdata)
    memp_PBUF                                0x08011f4c   Data          12  memp.o(.constdata)
    memp_PBUF_POOL                           0x08011f58   Data          12  memp.o(.constdata)
    memp_pools                               0x08011f64   Data          48  memp.o(.constdata)
    tcp_pcb_lists                            0x08011fd8   Data          16  tcp.o(.constdata)
    lwip_cyclic_timers                       0x08011fe8   Data          24  timeouts.o(.constdata)
    ip_addr_any                              0x08012000   Data           4  ip4_addr.o(.constdata)
    os_mutex_def_lwip_sys_mutex              0x08012004   Data           8  sys_arch.o(.constdata)
    __ctype_table                            0x0801201c   Data         129  ctype_o.o(.constdata)
    Region$$Table$$Base                      0x08012228   Number         0  anon$$obj.o(Region$$Table)
    Region$$Table$$Limit                     0x08012248   Number         0  anon$$obj.o(Region$$Table)
    g_osRuntimeCounter                       0x20000000   Data           4  main.o(.data)
    ClientHandle                             0x20000004   Data           4  freertos.o(.data)
    UsartHandle                              0x20000008   Data           4  freertos.o(.data)
    Client_recvHandle                        0x2000000c   Data           4  freertos.o(.data)
    uwTickFreq                               0x20000010   Data           1  stm32f4xx_hal.o(.data)
    uwTickPrio                               0x20000014   Data           4  stm32f4xx_hal.o(.data)
    uwTick                                   0x20000018   Data           4  stm32f4xx_hal.o(.data)
    SystemCoreClock                          0x2000001c   Data           4  system_stm32f4xx.o(.data)
    RxPktSemaphore                           0x20000024   Data           4  ethernetif.o(.data)
    TxPktSemaphore                           0x20000028   Data           4  ethernetif.o(.data)
    LAN8742_IOCtx                            0x2000002c   Data          20  ethernetif.o(.data)
    ipaddr                                   0x20000044   Data           4  lwip.o(.data)
    netmask                                  0x20000048   Data           4  lwip.o(.data)
    gw                                       0x2000004c   Data           4  lwip.o(.data)
    IP_ADDRESS                               0x20000050   Data           4  lwip.o(.data)
    NETMASK_ADDRESS                          0x20000054   Data           4  lwip.o(.data)
    GATEWAY_ADDRESS                          0x20000058   Data           4  lwip.o(.data)
    lock_tcpip_core                          0x2000006c   Data           4  tcpip.o(.data)
    netif_list                               0x200000b4   Data           4  netif.o(.data)
    netif_default                            0x200000b8   Data           4  netif.o(.data)
    pbuf_free_ooseq_pending                  0x200000bc   Data           1  pbuf.o(.data)
    tcp_active_pcbs_changed                  0x200000c0   Data           1  tcp.o(.data)
    tcp_ticks                                0x200000cc   Data           4  tcp.o(.data)
    tcp_bound_pcbs                           0x200000d0   Data           4  tcp.o(.data)
    tcp_listen_pcbs                          0x200000d4   Data           4  tcp.o(.data)
    tcp_active_pcbs                          0x200000d8   Data           4  tcp.o(.data)
    tcp_tw_pcbs                              0x200000dc   Data           4  tcp.o(.data)
    tcp_input_pcb                            0x20000100   Data           4  tcp_in.o(.data)
    errno                                    0x2000011c   Data           4  sys_arch.o(.data)
    lwip_sys_mutex                           0x20000120   Data           4  sys_arch.o(.data)
    pxCurrentTCB                             0x20000124   Data           4  tasks.o(.data)
    __stdout                                 0x20000198   Data           4  stdout.o(.data)
    __microlib_freelist                      0x2000019c   Data           4  mvars.o(.data)
    __microlib_freelist_initialised          0x200001a0   Data           4  mvars.o(.data)
    htim6                                    0x20000404   Data          72  tim.o(.bss)
    huart3                                   0x2000044c   Data          68  usart.o(.bss)
    htim1                                    0x20000490   Data          72  stm32f4xx_hal_timebase_tim.o(.bss)
    memp_memory_RX_POOL_base                 0x200004d8   Data       18819  ethernetif.o(.bss)
    DMARxDscrTab                             0x20004e5c   Data         160  ethernetif.o(.bss)
    DMATxDscrTab                             0x20004efc   Data         160  ethernetif.o(.bss)
    heth                                     0x20004f9c   Data         176  ethernetif.o(.bss)
    TxConfig                                 0x2000504c   Data          56  ethernetif.o(.bss)
    LAN8742                                  0x20005084   Data          32  ethernetif.o(.bss)
    gnetif                                   0x200050a4   Data          52  lwip.o(.bss)
    ip_data                                  0x20005118   Data          24  ip.o(.bss)
    ram_heap                                 0x20005130   Data        1619  mem.o(.bss)
    memp_memory_TCP_PCB_base                 0x20005783   Data         783  memp.o(.bss)
    memp_memory_TCP_PCB_LISTEN_base          0x20005a92   Data         227  memp.o(.bss)
    memp_memory_TCP_SEG_base                 0x20005b75   Data         259  memp.o(.bss)
    memp_memory_REASSDATA_base               0x20005c78   Data         163  memp.o(.bss)
    memp_memory_FRAG_PBUF_base               0x20005d1b   Data         363  memp.o(.bss)
    memp_memory_NETBUF_base                  0x20005e86   Data          35  memp.o(.bss)
    memp_memory_NETCONN_base                 0x20005ea9   Data         163  memp.o(.bss)
    memp_memory_TCPIP_MSG_API_base           0x20005f4c   Data         131  memp.o(.bss)
    memp_memory_TCPIP_MSG_INPKT_base         0x20005fcf   Data         131  memp.o(.bss)
    memp_memory_SYS_TIMEOUT_base             0x20006052   Data          51  memp.o(.bss)
    memp_memory_PBUF_base                    0x20006085   Data         259  memp.o(.bss)
    memp_memory_PBUF_POOL_base               0x20006188   Data        9731  memp.o(.bss)
    xQueueRegistry                           0x2000888c   Data          64  queue.o(.bss)
    __heap_base                              0x200189c0   Data           0  startup_stm32f429xx.o(HEAP)
    __heap_limit                             0x20018bc0   Data           0  startup_stm32f429xx.o(HEAP)
    __initial_sp                             0x20018fc0   Data           0  startup_stm32f429xx.o(STACK)



==============================================================================

Memory Map of the image

  Image Entry point : 0x080001ad

  Load Region LR_IROM1 (Base: 0x08000000, Size: 0x000123ec, Max: 0x00200000, ABSOLUTE, COMPRESSED[0x00012270])

    Execution Region ER_IROM1 (Exec base: 0x08000000, Load base: 0x08000000, Size: 0x00012248, Max: 0x00200000, ABSOLUTE)

    Exec Addr    Load Addr    Size         Type   Attr      Idx    E Section Name        Object

    0x08000000   0x08000000   0x000001ac   Data   RO            3    RESET               startup_stm32f429xx.o
    0x080001ac   0x080001ac   0x00000000   Code   RO         9798  * .ARM.Collect$$$$00000000  mc_w.l(entry.o)
    0x080001ac   0x080001ac   0x00000004   Code   RO        10147    .ARM.Collect$$$$00000001  mc_w.l(entry2.o)
    0x080001b0   0x080001b0   0x00000004   Code   RO        10150    .ARM.Collect$$$$00000004  mc_w.l(entry5.o)
    0x080001b4   0x080001b4   0x00000000   Code   RO        10152    .ARM.Collect$$$$00000008  mc_w.l(entry7b.o)
    0x080001b4   0x080001b4   0x00000000   Code   RO        10154    .ARM.Collect$$$$0000000A  mc_w.l(entry8b.o)
    0x080001b4   0x080001b4   0x00000008   Code   RO        10155    .ARM.Collect$$$$0000000B  mc_w.l(entry9a.o)
    0x080001bc   0x080001bc   0x00000004   Code   RO        10162    .ARM.Collect$$$$0000000E  mc_w.l(entry12b.o)
    0x080001c0   0x080001c0   0x00000000   Code   RO        10157    .ARM.Collect$$$$0000000F  mc_w.l(entry10a.o)
    0x080001c0   0x080001c0   0x00000000   Code   RO        10159    .ARM.Collect$$$$00000011  mc_w.l(entry11a.o)
    0x080001c0   0x080001c0   0x00000004   Code   RO        10148    .ARM.Collect$$$$00002712  mc_w.l(entry2.o)
    0x080001c4   0x080001c4   0x000000be   Code   RO         9721    .emb_text           port.o
    0x08000282   0x08000282   0x00000002   PAD
    0x08000284   0x08000284   0x00000024   Code   RO            4    .text               startup_stm32f429xx.o
    0x080002a8   0x080002a8   0x00000062   Code   RO         9801    .text               mc_w.l(uldiv.o)
    0x0800030a   0x0800030a   0x00000002   PAD
    0x0800030c   0x0800030c   0x00000008   Code   RO         9803    .text               mc_w.l(ctype_o.o)
    0x08000314   0x08000314   0x00000024   Code   RO         9831    .text               mc_w.l(rand.o)
    0x08000338   0x08000338   0x00000040   Code   RO         9836    .text               mc_w.l(memmovea.o)
    0x08000378   0x08000378   0x00000024   Code   RO         9840    .text               mc_w.l(memseta.o)
    0x0800039c   0x0800039c   0x0000000e   Code   RO         9842    .text               mc_w.l(strlen.o)
    0x080003aa   0x080003aa   0x0000001a   Code   RO         9844    .text               mc_w.l(memcmp.o)
    0x080003c4   0x080003c4   0x00000012   Code   RO         9846    .text               mc_w.l(strcpy.o)
    0x080003d6   0x080003d6   0x0000001c   Code   RO        10143    .text               mc_w.l(calloc.o)
    0x080003f2   0x080003f2   0x0000002c   Code   RO        10164    .text               mc_w.l(uidiv.o)
    0x0800041e   0x0800041e   0x0000001e   Code   RO        10166    .text               mc_w.l(llshl.o)
    0x0800043c   0x0800043c   0x00000020   Code   RO        10168    .text               mc_w.l(llushr.o)
    0x0800045c   0x0800045c   0x00000024   Code   RO        10192    .text               mc_w.l(init.o)
    0x08000480   0x08000480   0x00000056   Code   RO        10210    .text               mc_w.l(__dczerorl2.o)
    0x080004d6   0x080004d6   0x00000002   Code   RO          587    i.BusFault_Handler  stm32f4xx_it.o
    0x080004d8   0x080004d8   0x00000002   Code   RO          588    i.DebugMon_Handler  stm32f4xx_it.o
    0x080004da   0x080004da   0x00000002   PAD
    0x080004dc   0x080004dc   0x0000006a   Code   RO         1946    i.ETH_DMARxDescListInit  stm32f4xx_hal_eth.o
    0x08000546   0x08000546   0x0000002e   Code   RO         1947    i.ETH_FlushTransmitFIFO  stm32f4xx_hal_eth.o
    0x08000574   0x08000574   0x0000000c   Code   RO          589    i.ETH_IRQHandler    stm32f4xx_it.o
    0x08000580   0x08000580   0x0000009a   Code   RO         1948    i.ETH_MACDMAConfig  stm32f4xx_hal_eth.o
    0x0800061a   0x0800061a   0x00000004   Code   RO         3655    i.ETH_PHY_IO_DeInit  ethernetif.o
    0x0800061e   0x0800061e   0x00000004   Code   RO         3656    i.ETH_PHY_IO_GetTick  ethernetif.o
    0x08000622   0x08000622   0x00000002   PAD
    0x08000624   0x08000624   0x00000010   Code   RO         3657    i.ETH_PHY_IO_Init   ethernetif.o
    0x08000634   0x08000634   0x0000001c   Code   RO         3658    i.ETH_PHY_IO_ReadReg  ethernetif.o
    0x08000650   0x08000650   0x0000001c   Code   RO         3659    i.ETH_PHY_IO_WriteReg  ethernetif.o
    0x0800066c   0x0800066c   0x00000162   Code   RO         1949    i.ETH_Prepare_Tx_Descriptors  stm32f4xx_hal_eth.o
    0x080007ce   0x080007ce   0x00000002   PAD
    0x080007d0   0x080007d0   0x000000c0   Code   RO         1950    i.ETH_SetDMAConfig  stm32f4xx_hal_eth.o
    0x08000890   0x08000890   0x000000f8   Code   RO         1951    i.ETH_SetMACConfig  stm32f4xx_hal_eth.o
    0x08000988   0x08000988   0x0000008c   Code   RO         1952    i.ETH_UpdateDescriptor  stm32f4xx_hal_eth.o
    0x08000a14   0x08000a14   0x00000004   Code   RO           29    i.Error_Handler     main.o
    0x08000a18   0x08000a18   0x00000092   Code   RO         1246    i.HAL_DMA_Abort     stm32f4xx_hal_dma.o
    0x08000aaa   0x08000aaa   0x00000024   Code   RO         1247    i.HAL_DMA_Abort_IT  stm32f4xx_hal_dma.o
    0x08000ace   0x08000ace   0x00000002   PAD
    0x08000ad0   0x08000ad0   0x00000024   Code   RO         1683    i.HAL_Delay         stm32f4xx_hal.o
    0x08000af4   0x08000af4   0x0000001c   Code   RO         3660    i.HAL_ETH_ErrorCallback  ethernetif.o
    0x08000b10   0x08000b10   0x00000006   Code   RO         1958    i.HAL_ETH_GetDMAError  stm32f4xx_hal_eth.o
    0x08000b16   0x08000b16   0x000000de   Code   RO         1960    i.HAL_ETH_GetMACConfig  stm32f4xx_hal_eth.o
    0x08000bf4   0x08000bf4   0x000000d0   Code   RO         1966    i.HAL_ETH_IRQHandler  stm32f4xx_hal_eth.o
    0x08000cc4   0x08000cc4   0x00000118   Code   RO         1967    i.HAL_ETH_Init      stm32f4xx_hal_eth.o
    0x08000ddc   0x08000ddc   0x00000110   Code   RO         3662    i.HAL_ETH_MspInit   ethernetif.o
    0x08000eec   0x08000eec   0x00000002   Code   RO         1970    i.HAL_ETH_PMTCallback  stm32f4xx_hal_eth.o
    0x08000eee   0x08000eee   0x000000ec   Code   RO         1971    i.HAL_ETH_ReadData  stm32f4xx_hal_eth.o
    0x08000fda   0x08000fda   0x00000002   PAD
    0x08000fdc   0x08000fdc   0x00000062   Code   RO         1972    i.HAL_ETH_ReadPHYRegister  stm32f4xx_hal_eth.o
    0x0800103e   0x0800103e   0x00000002   PAD
    0x08001040   0x08001040   0x00000058   Code   RO         1976    i.HAL_ETH_ReleaseTxPacket  stm32f4xx_hal_eth.o
    0x08001098   0x08001098   0x00000048   Code   RO         3663    i.HAL_ETH_RxAllocateCallback  ethernetif.o
    0x080010e0   0x080010e0   0x0000000c   Code   RO         3664    i.HAL_ETH_RxCpltCallback  ethernetif.o
    0x080010ec   0x080010ec   0x0000002a   Code   RO         3665    i.HAL_ETH_RxLinkCallback  ethernetif.o
    0x08001116   0x08001116   0x00000018   Code   RO         1982    i.HAL_ETH_SetMACConfig  stm32f4xx_hal_eth.o
    0x0800112e   0x0800112e   0x00000002   PAD
    0x08001130   0x08001130   0x00000074   Code   RO         1984    i.HAL_ETH_SetMDIOClockRange  stm32f4xx_hal_eth.o
    0x080011a4   0x080011a4   0x0000007a   Code   RO         1988    i.HAL_ETH_Start     stm32f4xx_hal_eth.o
    0x0800121e   0x0800121e   0x00000002   PAD
    0x08001220   0x08001220   0x000000bc   Code   RO         1989    i.HAL_ETH_Start_IT  stm32f4xx_hal_eth.o
    0x080012dc   0x080012dc   0x000000a0   Code   RO         1991    i.HAL_ETH_Stop_IT   stm32f4xx_hal_eth.o
    0x0800137c   0x0800137c   0x00000066   Code   RO         1993    i.HAL_ETH_Transmit_IT  stm32f4xx_hal_eth.o
    0x080013e2   0x080013e2   0x00000002   PAD
    0x080013e4   0x080013e4   0x0000000c   Code   RO         3666    i.HAL_ETH_TxCpltCallback  ethernetif.o
    0x080013f0   0x080013f0   0x00000004   Code   RO         3667    i.HAL_ETH_TxFreeCallback  ethernetif.o
    0x080013f4   0x080013f4   0x00000002   Code   RO         1999    i.HAL_ETH_WakeUpCallback  stm32f4xx_hal_eth.o
    0x080013f6   0x080013f6   0x00000002   PAD
    0x080013f8   0x080013f8   0x00000056   Code   RO         2000    i.HAL_ETH_WritePHYRegister  stm32f4xx_hal_eth.o
    0x0800144e   0x0800144e   0x00000002   PAD
    0x08001450   0x08001450   0x00000234   Code   RO         1139    i.HAL_GPIO_Init     stm32f4xx_hal_gpio.o
    0x08001684   0x08001684   0x00000010   Code   RO         1142    i.HAL_GPIO_TogglePin  stm32f4xx_hal_gpio.o
    0x08001694   0x08001694   0x0000000a   Code   RO         1143    i.HAL_GPIO_WritePin  stm32f4xx_hal_gpio.o
    0x0800169e   0x0800169e   0x00000002   PAD
    0x080016a0   0x080016a0   0x0000000c   Code   RO         1691    i.HAL_GetTick       stm32f4xx_hal.o
    0x080016ac   0x080016ac   0x00000010   Code   RO         1697    i.HAL_IncTick       stm32f4xx_hal.o
    0x080016bc   0x080016bc   0x00000034   Code   RO         1698    i.HAL_Init          stm32f4xx_hal.o
    0x080016f0   0x080016f0   0x0000008c   Code   RO          693    i.HAL_InitTick      stm32f4xx_hal_timebase_tim.o
    0x0800177c   0x0800177c   0x00000038   Code   RO          669    i.HAL_MspInit       stm32f4xx_hal_msp.o
    0x080017b4   0x080017b4   0x0000001a   Code   RO         1546    i.HAL_NVIC_EnableIRQ  stm32f4xx_hal_cortex.o
    0x080017ce   0x080017ce   0x00000002   PAD
    0x080017d0   0x080017d0   0x00000040   Code   RO         1552    i.HAL_NVIC_SetPriority  stm32f4xx_hal_cortex.o
    0x08001810   0x08001810   0x00000024   Code   RO         1553    i.HAL_NVIC_SetPriorityGrouping  stm32f4xx_hal_cortex.o
    0x08001834   0x08001834   0x00000070   Code   RO         1475    i.HAL_PWREx_EnableOverDrive  stm32f4xx_hal_pwr_ex.o
    0x080018a4   0x080018a4   0x00000134   Code   RO          733    i.HAL_RCC_ClockConfig  stm32f4xx_hal_rcc.o
    0x080019d8   0x080019d8   0x00000040   Code   RO          737    i.HAL_RCC_GetClockConfig  stm32f4xx_hal_rcc.o
    0x08001a18   0x08001a18   0x0000000c   Code   RO          738    i.HAL_RCC_GetHCLKFreq  stm32f4xx_hal_rcc.o
    0x08001a24   0x08001a24   0x00000020   Code   RO          740    i.HAL_RCC_GetPCLK1Freq  stm32f4xx_hal_rcc.o
    0x08001a44   0x08001a44   0x00000020   Code   RO          741    i.HAL_RCC_GetPCLK2Freq  stm32f4xx_hal_rcc.o
    0x08001a64   0x08001a64   0x00000060   Code   RO          742    i.HAL_RCC_GetSysClockFreq  stm32f4xx_hal_rcc.o
    0x08001ac4   0x08001ac4   0x0000036c   Code   RO          745    i.HAL_RCC_OscConfig  stm32f4xx_hal_rcc.o
    0x08001e30   0x08001e30   0x00000002   Code   RO         2993    i.HAL_TIMEx_BreakCallback  stm32f4xx_hal_tim_ex.o
    0x08001e32   0x08001e32   0x00000002   Code   RO         2994    i.HAL_TIMEx_CommutCallback  stm32f4xx_hal_tim_ex.o
    0x08001e34   0x08001e34   0x00000090   Code   RO         3012    i.HAL_TIMEx_MasterConfigSynchronization  stm32f4xx_hal_tim_ex.o
    0x08001ec4   0x08001ec4   0x0000005a   Code   RO         2289    i.HAL_TIM_Base_Init  stm32f4xx_hal_tim.o
    0x08001f1e   0x08001f1e   0x00000002   PAD
    0x08001f20   0x08001f20   0x0000003c   Code   RO          504    i.HAL_TIM_Base_MspInit  tim.o
    0x08001f5c   0x08001f5c   0x00000080   Code   RO         2294    i.HAL_TIM_Base_Start_IT  stm32f4xx_hal_tim.o
    0x08001fdc   0x08001fdc   0x00000002   Code   RO         2323    i.HAL_TIM_IC_CaptureCallback  stm32f4xx_hal_tim.o
    0x08001fde   0x08001fde   0x00000166   Code   RO         2337    i.HAL_TIM_IRQHandler  stm32f4xx_hal_tim.o
    0x08002144   0x08002144   0x00000002   Code   RO         2340    i.HAL_TIM_OC_DelayElapsedCallback  stm32f4xx_hal_tim.o
    0x08002146   0x08002146   0x00000002   Code   RO         2367    i.HAL_TIM_PWM_PulseFinishedCallback  stm32f4xx_hal_tim.o
    0x08002148   0x08002148   0x00000030   Code   RO           30    i.HAL_TIM_PeriodElapsedCallback  main.o
    0x08002178   0x08002178   0x00000002   Code   RO         2380    i.HAL_TIM_TriggerCallback  stm32f4xx_hal_tim.o
    0x0800217a   0x0800217a   0x00000002   Code   RO         3271    i.HAL_UARTEx_RxEventCallback  stm32f4xx_hal_uart.o
    0x0800217c   0x0800217c   0x00000002   Code   RO         3285    i.HAL_UART_ErrorCallback  stm32f4xx_hal_uart.o
    0x0800217e   0x0800217e   0x00000002   PAD
    0x08002180   0x08002180   0x00000268   Code   RO         3288    i.HAL_UART_IRQHandler  stm32f4xx_hal_uart.o
    0x080023e8   0x080023e8   0x00000062   Code   RO         3289    i.HAL_UART_Init     stm32f4xx_hal_uart.o
    0x0800244a   0x0800244a   0x00000002   PAD
    0x0800244c   0x0800244c   0x0000007c   Code   RO          546    i.HAL_UART_MspInit  usart.o
    0x080024c8   0x080024c8   0x00000002   Code   RO         3295    i.HAL_UART_RxCpltCallback  stm32f4xx_hal_uart.o
    0x080024ca   0x080024ca   0x00000002   PAD
    0x080024cc   0x080024cc   0x000000b2   Code   RO         3297    i.HAL_UART_Transmit  stm32f4xx_hal_uart.o
    0x0800257e   0x0800257e   0x00000002   Code   RO         3300    i.HAL_UART_TxCpltCallback  stm32f4xx_hal_uart.o
    0x08002580   0x08002580   0x00000002   Code   RO          590    i.HardFault_Handler  stm32f4xx_it.o
    0x08002582   0x08002582   0x00000094   Code   RO         3914    i.LAN8742_GetLinkState  lan8742.o
    0x08002616   0x08002616   0x000000cc   Code   RO         3915    i.LAN8742_Init      lan8742.o
    0x080026e2   0x080026e2   0x0000002c   Code   RO         3916    i.LAN8742_RegisterBusIO  lan8742.o
    0x0800270e   0x0800270e   0x00000002   PAD
    0x08002710   0x08002710   0x00000054   Code   RO          381    i.MX_FREERTOS_Init  freertos.o
    0x08002764   0x08002764   0x00000160   Code   RO          357    i.MX_GPIO_Init      gpio.o
    0x080028c4   0x080028c4   0x00000158   Code   RO         3833    i.MX_LWIP_Init      lwip.o
    0x08002a1c   0x08002a1c   0x00000044   Code   RO          505    i.MX_TIM6_Init      tim.o
    0x08002a60   0x08002a60   0x00000038   Code   RO          547    i.MX_USART3_UART_Init  usart.o
    0x08002a98   0x08002a98   0x00000002   Code   RO          591    i.MemManage_Handler  stm32f4xx_it.o
    0x08002a9a   0x08002a9a   0x00000002   Code   RO          592    i.NMI_Handler       stm32f4xx_it.o
    0x08002a9c   0x08002a9c   0x00000104   Code   RO          382    i.StartDefaultTask  freertos.o
    0x08002ba0   0x08002ba0   0x000000fc   Code   RO          383    i.StartTask02       freertos.o
    0x08002c9c   0x08002c9c   0x0000000e   Code   RO          384    i.StartTask03       freertos.o
    0x08002caa   0x08002caa   0x00000002   PAD
    0x08002cac   0x08002cac   0x0000002c   Code   RO         9722    i.SysTick_Handler   port.o
    0x08002cd8   0x08002cd8   0x0000009c   Code   RO           31    i.SystemClock_Config  main.o
    0x08002d74   0x08002d74   0x00000010   Code   RO         3618    i.SystemInit        system_stm32f4xx.o
    0x08002d84   0x08002d84   0x0000000c   Code   RO          593    i.TIM1_UP_TIM10_IRQHandler  stm32f4xx_it.o
    0x08002d90   0x08002d90   0x0000000c   Code   RO          594    i.TIM6_DAC_IRQHandler  stm32f4xx_it.o
    0x08002d9c   0x08002d9c   0x000000c8   Code   RO         2382    i.TIM_Base_SetConfig  stm32f4xx_hal_tim.o
    0x08002e64   0x08002e64   0x00000010   Code   RO         3302    i.UART_DMAAbortOnError  stm32f4xx_hal_uart.o
    0x08002e74   0x08002e74   0x0000004e   Code   RO         3312    i.UART_EndRxTransfer  stm32f4xx_hal_uart.o
    0x08002ec2   0x08002ec2   0x000000c0   Code   RO         3314    i.UART_Receive_IT   stm32f4xx_hal_uart.o
    0x08002f82   0x08002f82   0x00000002   PAD
    0x08002f84   0x08002f84   0x0000010c   Code   RO         3315    i.UART_SetConfig    stm32f4xx_hal_uart.o
    0x08003090   0x08003090   0x00000078   Code   RO         3318    i.UART_WaitOnFlagUntilTimeout  stm32f4xx_hal_uart.o
    0x08003108   0x08003108   0x0000000c   Code   RO          595    i.USART3_IRQHandler  stm32f4xx_it.o
    0x08003114   0x08003114   0x00000002   Code   RO          596    i.UsageFault_Handler  stm32f4xx_it.o
    0x08003116   0x08003116   0x00000002   PAD
    0x08003118   0x08003118   0x00000020   Code   RO         9943    i.__0printf$3       mc_w.l(printf3.o)
    0x08003138   0x08003138   0x00000028   Code   RO         9945    i.__0sprintf$3      mc_w.l(printf3.o)
    0x08003160   0x08003160   0x00000020   Code   RO         1559    i.__NVIC_SetPriority  stm32f4xx_hal_cortex.o
    0x08003180   0x08003180   0x0000000e   Code   RO        10204    i.__scatterload_copy  mc_w.l(handlers.o)
    0x0800318e   0x0800318e   0x00000002   Code   RO        10205    i.__scatterload_null  mc_w.l(handlers.o)
    0x08003190   0x08003190   0x0000000e   Code   RO        10206    i.__scatterload_zeroinit  mc_w.l(handlers.o)
    0x0800319e   0x0800319e   0x00000002   PAD
    0x080031a0   0x080031a0   0x000001b8   Code   RO         9950    i._printf_core      mc_w.l(printf3.o)
    0x08003358   0x08003358   0x0000000a   Code   RO         9952    i._sputc            mc_w.l(printf3.o)
    0x08003362   0x08003362   0x00000002   PAD
    0x08003364   0x08003364   0x000000e8   Code   RO         5365    i.alloc_socket      sockets.o
    0x0800344c   0x0800344c   0x0000000c   Code   RO          385    i.configureTimerForRunTimeStats  freertos.o
    0x08003458   0x08003458   0x000000a8   Code   RO         6137    i.do_memp_free_pool  memp.o
    0x08003500   0x08003500   0x000000b8   Code   RO         6138    i.do_memp_malloc_pool  memp.o
    0x080035b8   0x080035b8   0x00000074   Code   RO         8916    i.eTaskGetState     tasks.o
    0x0800362c   0x0800362c   0x000001c8   Code   RO         4967    i.err_tcp           api_msg.o
    0x080037f4   0x080037f4   0x0000001c   Code   RO         5169    i.err_to_errno      err.o
    0x08003810   0x08003810   0x0000002c   Code   RO         7453    i.etharp_cleanup_netif  etharp.o
    0x0800383c   0x0800383c   0x00000260   Code   RO         7455    i.etharp_find_entry  etharp.o
    0x08003a9c   0x08003a9c   0x00000024   Code   RO         7456    i.etharp_free_entry  etharp.o
    0x08003ac0   0x08003ac0   0x00000104   Code   RO         7458    i.etharp_input      etharp.o
    0x08003bc4   0x08003bc4   0x000001b0   Code   RO         7459    i.etharp_output     etharp.o
    0x08003d74   0x08003d74   0x00000110   Code   RO         7460    i.etharp_output_to_arp_index  etharp.o
    0x08003e84   0x08003e84   0x000001e8   Code   RO         7461    i.etharp_query      etharp.o
    0x0800406c   0x0800406c   0x00000174   Code   RO         7462    i.etharp_raw        etharp.o
    0x080041e0   0x080041e0   0x0000000c   Code   RO         7463    i.etharp_request    etharp.o
    0x080041ec   0x080041ec   0x00000020   Code   RO         7464    i.etharp_request_dst  etharp.o
    0x0800420c   0x0800420c   0x00000060   Code   RO         7465    i.etharp_tmr        etharp.o
    0x0800426c   0x0800426c   0x0000011c   Code   RO         7466    i.etharp_update_arp_entry  etharp.o
    0x08004388   0x08004388   0x000000a4   Code   RO         4524    i.ethernet_input    ethernet.o
    0x0800442c   0x0800442c   0x00000002   Code   RO         3834    i.ethernet_link_status_updated  lwip.o
    0x0800442e   0x0800442e   0x00000002   PAD
    0x08004430   0x08004430   0x000000a8   Code   RO         3668    i.ethernet_link_thread  ethernetif.o
    0x080044d8   0x080044d8   0x000000f8   Code   RO         4525    i.ethernet_output   ethernet.o
    0x080045d0   0x080045d0   0x00000090   Code   RO         3669    i.ethernetif_init   ethernetif.o
    0x08004660   0x08004660   0x00000048   Code   RO         3670    i.ethernetif_input  ethernetif.o
    0x080046a8   0x080046a8   0x00000138   Code   RO         5366    i.event_callback    sockets.o
    0x080047e0   0x080047e0   0x00000018   Code   RO           32    i.fputc             main.o
    0x080047f8   0x080047f8   0x00000050   Code   RO        10115    i.free              mc_w.l(malloc.o)
    0x08004848   0x08004848   0x0000003c   Code   RO         5367    i.free_socket       sockets.o
    0x08004884   0x08004884   0x0000000c   Code   RO          386    i.getRunTimeCounterValue  freertos.o
    0x08004890   0x08004890   0x00000018   Code   RO         5368    i.get_socket        sockets.o
    0x080048a8   0x080048a8   0x00000008   Code   RO         7556    i.icmp_dest_unreach  icmp.o
    0x080048b0   0x080048b0   0x000001e8   Code   RO         7557    i.icmp_input        icmp.o
    0x08004a98   0x08004a98   0x00000110   Code   RO         7558    i.icmp_send_response  icmp.o
    0x08004ba8   0x08004ba8   0x00000008   Code   RO         7559    i.icmp_time_exceeded  icmp.o
    0x08004bb0   0x08004bb0   0x0000000c   Code   RO         9285    i.inHandlerMode     cmsis_os.o
    0x08004bbc   0x08004bbc   0x0000002e   Code   RO         7673    i.ip4_addr_isbroadcast_u32  ip4_addr.o
    0x08004bea   0x08004bea   0x00000002   PAD
    0x08004bec   0x08004bec   0x00000260   Code   RO         7742    i.ip4_frag          ip4_frag.o
    0x08004e4c   0x08004e4c   0x00000168   Code   RO         7618    i.ip4_input         ip4.o
    0x08004fb4   0x08004fb4   0x0000002c   Code   RO         7619    i.ip4_input_accept  ip4.o
    0x08004fe0   0x08004fe0   0x0000001e   Code   RO         7621    i.ip4_output_if     ip4.o
    0x08004ffe   0x08004ffe   0x00000002   PAD
    0x08005000   0x08005000   0x00000178   Code   RO         7622    i.ip4_output_if_src  ip4.o
    0x08005178   0x08005178   0x00000288   Code   RO         7743    i.ip4_reass         ip4_frag.o
    0x08005400   0x08005400   0x00000060   Code   RO         7623    i.ip4_route         ip4.o
    0x08005460   0x08005460   0x0000018c   Code   RO         7675    i.ip4addr_aton      ip4_addr.o
    0x080055ec   0x080055ec   0x00000090   Code   RO         7744    i.ip_frag_free_pbuf_custom_ref  ip4_frag.o
    0x0800567c   0x0800567c   0x00000248   Code   RO         7745    i.ip_reass_chain_frag_into_datagram_and_validate  ip4_frag.o
    0x080058c4   0x080058c4   0x000000bc   Code   RO         7746    i.ip_reass_dequeue_datagram  ip4_frag.o
    0x08005980   0x08005980   0x00000198   Code   RO         7747    i.ip_reass_free_complete_datagram  ip4_frag.o
    0x08005b18   0x08005b18   0x00000080   Code   RO         7748    i.ip_reass_remove_oldest_datagram  ip4_frag.o
    0x08005b98   0x08005b98   0x0000002c   Code   RO         7749    i.ip_reass_tmr      ip4_frag.o
    0x08005bc4   0x08005bc4   0x00000014   Code   RO         7678    i.ipaddr_addr       ip4_addr.o
    0x08005bd8   0x08005bd8   0x00000098   Code   RO         7750    i.ipfrag_free_pbuf_custom  ip4_frag.o
    0x08005c70   0x08005c70   0x00000188   Code   RO         3671    i.low_level_init    ethernetif.o
    0x08005df8   0x08005df8   0x00000094   Code   RO         3672    i.low_level_output  ethernetif.o
    0x08005e8c   0x08005e8c   0x000000d4   Code   RO         5371    i.lwip_close        sockets.o
    0x08005f60   0x08005f60   0x000000f4   Code   RO         5372    i.lwip_connect      sockets.o
    0x08006054   0x08006054   0x0000003c   Code   RO         7310    i.lwip_cyclic_timer  timeouts.o
    0x08006090   0x08006090   0x00000004   Code   RO         5855    i.lwip_htonl        def.o
    0x08006094   0x08006094   0x00000004   Code   RO         5856    i.lwip_htons        def.o
    0x08006098   0x08006098   0x0000001e   Code   RO         6000    i.lwip_init         init.o
    0x080060b6   0x080060b6   0x00000002   PAD
    0x080060b8   0x080060b8   0x000002c0   Code   RO         4971    i.lwip_netconn_do_close_internal  api_msg.o
    0x08006378   0x08006378   0x00000150   Code   RO         4972    i.lwip_netconn_do_connect  api_msg.o
    0x080064c8   0x080064c8   0x0000017c   Code   RO         4973    i.lwip_netconn_do_connected  api_msg.o
    0x08006644   0x08006644   0x00000188   Code   RO         4974    i.lwip_netconn_do_delconn  api_msg.o
    0x080067cc   0x080067cc   0x00000006   Code   RO         4975    i.lwip_netconn_do_disconnect  api_msg.o
    0x080067d2   0x080067d2   0x00000012   Code   RO         4978    i.lwip_netconn_do_newconn  api_msg.o
    0x080067e4   0x080067e4   0x00000148   Code   RO         4981    i.lwip_netconn_do_write  api_msg.o
    0x0800692c   0x0800692c   0x00000384   Code   RO         4982    i.lwip_netconn_do_writemore  api_msg.o
    0x08006cb0   0x08006cb0   0x000000a8   Code   RO         4983    i.lwip_netconn_err_to_msg  api_msg.o
    0x08006d58   0x08006d58   0x000000ac   Code   RO         4984    i.lwip_netconn_is_err_msg  api_msg.o
    0x08006e04   0x08006e04   0x0000006c   Code   RO         5395    i.lwip_send         sockets.o
    0x08006e70   0x08006e70   0x00000068   Code   RO         5402    i.lwip_socket       sockets.o
    0x08006ed8   0x08006ed8   0x00000006   Code   RO         5408    i.lwip_write        sockets.o
    0x08006ede   0x08006ede   0x00000002   PAD
    0x08006ee0   0x08006ee0   0x00000028   Code   RO           33    i.main              main.o
    0x08006f08   0x08006f08   0x0000000c   Code   RO         9287    i.makeFreeRtosPriority  cmsis_os.o
    0x08006f14   0x08006f14   0x0000006c   Code   RO        10116    i.malloc            mc_w.l(malloc.o)
    0x08006f80   0x08006f80   0x000001c8   Code   RO         6071    i.mem_free          mem.o
    0x08007148   0x08007148   0x000000c8   Code   RO         6072    i.mem_init          mem.o
    0x08007210   0x08007210   0x0000024c   Code   RO         6073    i.mem_malloc        mem.o
    0x0800745c   0x0800745c   0x00000010   Code   RO         6074    i.mem_to_ptr        mem.o
    0x0800746c   0x0800746c   0x000001e4   Code   RO         6075    i.mem_trim          mem.o
    0x08007650   0x08007650   0x0000009c   Code   RO         6139    i.memp_free         memp.o
    0x080076ec   0x080076ec   0x00000088   Code   RO         6140    i.memp_free_pool    memp.o
    0x08007774   0x08007774   0x00000020   Code   RO         6141    i.memp_init         memp.o
    0x08007794   0x08007794   0x0000002a   Code   RO         6142    i.memp_init_pool    memp.o
    0x080077be   0x080077be   0x00000002   PAD
    0x080077c0   0x080077c0   0x000000a4   Code   RO         6143    i.memp_malloc       memp.o
    0x08007864   0x08007864   0x0000008c   Code   RO         6144    i.memp_malloc_pool  memp.o
    0x080078f0   0x080078f0   0x00000022   Code   RO         5247    i.netbuf_delete     netbuf.o
    0x08007912   0x08007912   0x00000002   PAD
    0x08007914   0x08007914   0x00000100   Code   RO         4985    i.netconn_alloc     api_msg.o
    0x08007a14   0x08007a14   0x00000016   Code   RO         4735    i.netconn_apimsg    api_lib.o
    0x08007a2a   0x08007a2a   0x00000002   PAD
    0x08007a2c   0x08007a2c   0x000000bc   Code   RO         4740    i.netconn_connect   api_lib.o
    0x08007ae8   0x08007ae8   0x0000001e   Code   RO         4741    i.netconn_delete    api_lib.o
    0x08007b06   0x08007b06   0x00000002   PAD
    0x08007b08   0x08007b08   0x000000ac   Code   RO         4742    i.netconn_disconnect  api_lib.o
    0x08007bb4   0x08007bb4   0x0000009c   Code   RO         4986    i.netconn_drain     api_msg.o
    0x08007c50   0x08007c50   0x0000001e   Code   RO         4743    i.netconn_err       api_lib.o
    0x08007c6e   0x08007c6e   0x00000002   PAD
    0x08007c70   0x08007c70   0x0000016c   Code   RO         4987    i.netconn_free      api_msg.o
    0x08007ddc   0x08007ddc   0x00000178   Code   RO         4746    i.netconn_new_with_proto_and_callback  api_lib.o
    0x08007f54   0x08007f54   0x00000020   Code   RO         4747    i.netconn_prepare_delete  api_lib.o
    0x08007f74   0x08007f74   0x00000014   Code   RO         4760    i.netconn_write_partly  api_lib.o
    0x08007f88   0x08007f88   0x0000018c   Code   RO         4761    i.netconn_write_vectors_partly  api_lib.o
    0x08008114   0x08008114   0x000001d8   Code   RO         6290    i.netif_add         netif.o
    0x080082ec   0x080082ec   0x00000004   Code   RO         6292    i.netif_do_ip_addr_changed  netif.o
    0x080082f0   0x080082f0   0x00000016   Code   RO         6293    i.netif_do_set_gw   netif.o
    0x08008306   0x08008306   0x00000002   PAD
    0x08008308   0x08008308   0x000000c4   Code   RO         6294    i.netif_do_set_ipaddr  netif.o
    0x080083cc   0x080083cc   0x00000016   Code   RO         6295    i.netif_do_set_netmask  netif.o
    0x080083e2   0x080083e2   0x00000002   PAD
    0x080083e4   0x080083e4   0x00000028   Code   RO         6297    i.netif_get_by_index  netif.o
    0x0800840c   0x0800840c   0x00000002   Code   RO         6299    i.netif_init        netif.o
    0x0800840e   0x0800840e   0x00000002   PAD
    0x08008410   0x08008410   0x000000c0   Code   RO         6301    i.netif_issue_reports  netif.o
    0x080084d0   0x080084d0   0x00000006   Code   RO         6303    i.netif_null_output_ip4  netif.o
    0x080084d6   0x080084d6   0x00000002   PAD
    0x080084d8   0x080084d8   0x00000060   Code   RO         6305    i.netif_set_addr    netif.o
    0x08008538   0x08008538   0x0000000c   Code   RO         6306    i.netif_set_default  netif.o
    0x08008544   0x08008544   0x000000a8   Code   RO         6307    i.netif_set_down    netif.o
    0x080085ec   0x080085ec   0x00000008   Code   RO         6310    i.netif_set_link_callback  netif.o
    0x080085f4   0x080085f4   0x000000ac   Code   RO         6311    i.netif_set_link_down  netif.o
    0x080086a0   0x080086a0   0x000000c0   Code   RO         6312    i.netif_set_link_up  netif.o
    0x08008760   0x08008760   0x000000a0   Code   RO         6314    i.netif_set_up      netif.o
    0x08008800   0x08008800   0x0000000e   Code   RO         9289    i.osDelay           cmsis_os.o
    0x0800880e   0x0800880e   0x0000000a   Code   RO         9292    i.osKernelStart     cmsis_os.o
    0x08008818   0x08008818   0x00000018   Code   RO         9293    i.osKernelSysTick   cmsis_os.o
    0x08008830   0x08008830   0x00000026   Code   RO         9301    i.osMessageCreate   cmsis_os.o
    0x08008856   0x08008856   0x00000018   Code   RO         9302    i.osMessageDelete   cmsis_os.o
    0x0800886e   0x0800886e   0x00000002   PAD
    0x08008870   0x08008870   0x00000094   Code   RO         9303    i.osMessageGet      cmsis_os.o
    0x08008904   0x08008904   0x0000005c   Code   RO         9305    i.osMessagePut      cmsis_os.o
    0x08008960   0x08008960   0x0000001e   Code   RO         9306    i.osMessageWaiting  cmsis_os.o
    0x0800897e   0x0800897e   0x00000010   Code   RO         9307    i.osMutexCreate     cmsis_os.o
    0x0800898e   0x0800898e   0x00000002   PAD
    0x08008990   0x08008990   0x00000050   Code   RO         9309    i.osMutexRelease    cmsis_os.o
    0x080089e0   0x080089e0   0x00000064   Code   RO         9310    i.osMutexWait       cmsis_os.o
    0x08008a44   0x08008a44   0x0000003e   Code   RO         9318    i.osSemaphoreCreate  cmsis_os.o
    0x08008a82   0x08008a82   0x00000018   Code   RO         9319    i.osSemaphoreDelete  cmsis_os.o
    0x08008a9a   0x08008a9a   0x00000002   PAD
    0x08008a9c   0x08008a9c   0x00000050   Code   RO         9321    i.osSemaphoreRelease  cmsis_os.o
    0x08008aec   0x08008aec   0x00000064   Code   RO         9322    i.osSemaphoreWait   cmsis_os.o
    0x08008b50   0x08008b50   0x00000054   Code   RO         9326    i.osThreadCreate    cmsis_os.o
    0x08008ba4   0x08008ba4   0x00000006   Code   RO         6471    i.pbuf_add_header   pbuf.o
    0x08008baa   0x08008baa   0x00000002   PAD
    0x08008bac   0x08008bac   0x000000c0   Code   RO         6473    i.pbuf_add_header_impl  pbuf.o
    0x08008c6c   0x08008c6c   0x0000025c   Code   RO         6474    i.pbuf_alloc        pbuf.o
    0x08008ec8   0x08008ec8   0x000000b0   Code   RO         6475    i.pbuf_alloc_reference  pbuf.o
    0x08008f78   0x08008f78   0x00000036   Code   RO         6476    i.pbuf_alloced_custom  pbuf.o
    0x08008fae   0x08008fae   0x00000002   PAD
    0x08008fb0   0x08008fb0   0x00000130   Code   RO         6477    i.pbuf_cat          pbuf.o
    0x080090e0   0x080090e0   0x00000012   Code   RO         6479    i.pbuf_clen         pbuf.o
    0x080090f2   0x080090f2   0x00000002   PAD
    0x080090f4   0x080090f4   0x0000009c   Code   RO         6480    i.pbuf_clone        pbuf.o
    0x08009190   0x08009190   0x000001e0   Code   RO         6482    i.pbuf_copy         pbuf.o
    0x08009370   0x08009370   0x00000118   Code   RO         6483    i.pbuf_copy_partial  pbuf.o
    0x08009488   0x08009488   0x00000164   Code   RO         6485    i.pbuf_free         pbuf.o
    0x080095ec   0x080095ec   0x0000002c   Code   RO         3673    i.pbuf_free_custom  ethernetif.o
    0x08009618   0x08009618   0x00000034   Code   RO         6487    i.pbuf_free_ooseq_callback  pbuf.o
    0x0800964c   0x0800964c   0x00000006   Code   RO         6491    i.pbuf_header_force  pbuf.o
    0x08009652   0x08009652   0x0000000e   Code   RO         6492    i.pbuf_header_impl  pbuf.o
    0x08009660   0x08009660   0x0000001c   Code   RO         6493    i.pbuf_init_alloced_pbuf  pbuf.o
    0x0800967c   0x0800967c   0x00000134   Code   RO         6497    i.pbuf_realloc      pbuf.o
    0x080097b0   0x080097b0   0x0000009c   Code   RO         6498    i.pbuf_ref          pbuf.o
    0x0800984c   0x0800984c   0x000000d0   Code   RO         6499    i.pbuf_remove_header  pbuf.o
    0x0800991c   0x0800991c   0x000000cc   Code   RO         4988    i.pcb_new           api_msg.o
    0x080099e8   0x080099e8   0x000001a0   Code   RO         6076    i.plug_holes        mem.o
    0x08009b88   0x08009b88   0x000000dc   Code   RO         4989    i.poll_tcp          api_msg.o
    0x08009c64   0x08009c64   0x00000070   Code   RO         8918    i.prvAddCurrentTaskToDelayedList  tasks.o
    0x08009cd4   0x08009cd4   0x000000d0   Code   RO         8919    i.prvAddNewTaskToReadyList  tasks.o
    0x08009da4   0x08009da4   0x00000026   Code   RO         8557    i.prvCopyDataFromQueue  queue.o
    0x08009dca   0x08009dca   0x0000006c   Code   RO         8558    i.prvCopyDataToQueue  queue.o
    0x08009e36   0x08009e36   0x00000034   Code   RO         8920    i.prvDeleteTCB      tasks.o
    0x08009e6a   0x08009e6a   0x00000002   PAD
    0x08009e6c   0x08009e6c   0x0000004c   Code   RO         9654    i.prvHeapInit       heap_4.o
    0x08009eb8   0x08009eb8   0x00000060   Code   RO         8921    i.prvIdleTask       tasks.o
    0x08009f18   0x08009f18   0x00000016   Code   RO         8559    i.prvInitialiseMutex  queue.o
    0x08009f2e   0x08009f2e   0x00000002   PAD
    0x08009f30   0x08009f30   0x00000022   Code   RO         8560    i.prvInitialiseNewQueue  queue.o
    0x08009f52   0x08009f52   0x00000002   PAD
    0x08009f54   0x08009f54   0x000000b2   Code   RO         8922    i.prvInitialiseNewTask  tasks.o
    0x0800a006   0x0800a006   0x00000002   PAD
    0x0800a008   0x0800a008   0x0000004c   Code   RO         9655    i.prvInsertBlockIntoFreeList  heap_4.o
    0x0800a054   0x0800a054   0x0000001c   Code   RO         8561    i.prvIsQueueEmpty   queue.o
    0x0800a070   0x0800a070   0x00000058   Code   RO         8923    i.prvListTasksWithinSingleList  tasks.o
    0x0800a0c8   0x0800a0c8   0x00000020   Code   RO         8924    i.prvResetNextTaskUnblockTime  tasks.o
    0x0800a0e8   0x0800a0e8   0x00000028   Code   RO         9723    i.prvTaskExitError  port.o
    0x0800a110   0x0800a110   0x0000006a   Code   RO         8562    i.prvUnlockQueue    queue.o
    0x0800a17a   0x0800a17a   0x00000022   Code   RO         8926    i.prvWriteNameToBuffer  tasks.o
    0x0800a19c   0x0800a19c   0x0000000c   Code   RO         6077    i.ptr_to_mem        mem.o
    0x0800a1a8   0x0800a1a8   0x000000dc   Code   RO         9656    i.pvPortMalloc      heap_4.o
    0x0800a284   0x0800a284   0x00000018   Code   RO         8927    i.pvTaskIncrementMutexHeldCount  tasks.o
    0x0800a29c   0x0800a29c   0x0000002c   Code   RO         9724    i.pxPortInitialiseStack  port.o
    0x0800a2c8   0x0800a2c8   0x00000184   Code   RO         4990    i.recv_tcp          api_msg.o
    0x0800a44c   0x0800a44c   0x000000d0   Code   RO         5410    i.select_check_waiters  sockets.o
    0x0800a51c   0x0800a51c   0x000000d0   Code   RO         4991    i.sent_tcp          api_msg.o
    0x0800a5ec   0x0800a5ec   0x00000044   Code   RO         4992    i.setup_tcp         api_msg.o
    0x0800a630   0x0800a630   0x00000044   Code   RO         8002    i.sys_arch_mbox_fetch  sys_arch.o
    0x0800a674   0x0800a674   0x00000022   Code   RO         8003    i.sys_arch_mbox_tryfetch  sys_arch.o
    0x0800a696   0x0800a696   0x00000002   PAD
    0x0800a698   0x0800a698   0x00000018   Code   RO         8004    i.sys_arch_protect  sys_arch.o
    0x0800a6b0   0x0800a6b0   0x00000038   Code   RO         8005    i.sys_arch_sem_wait  sys_arch.o
    0x0800a6e8   0x0800a6e8   0x0000000c   Code   RO         8006    i.sys_arch_unprotect  sys_arch.o
    0x0800a6f4   0x0800a6f4   0x00000044   Code   RO         7311    i.sys_check_timeouts  timeouts.o
    0x0800a738   0x0800a738   0x00000018   Code   RO         8007    i.sys_init          sys_arch.o
    0x0800a750   0x0800a750   0x00000014   Code   RO         8008    i.sys_mbox_free     sys_arch.o
    0x0800a764   0x0800a764   0x0000002c   Code   RO         8009    i.sys_mbox_new      sys_arch.o
    0x0800a790   0x0800a790   0x00000006   Code   RO         8011    i.sys_mbox_set_invalid  sys_arch.o
    0x0800a796   0x0800a796   0x00000014   Code   RO         8012    i.sys_mbox_trypost  sys_arch.o
    0x0800a7aa   0x0800a7aa   0x0000000a   Code   RO         8014    i.sys_mbox_valid    sys_arch.o
    0x0800a7b4   0x0800a7b4   0x0000000a   Code   RO         8016    i.sys_mutex_lock    sys_arch.o
    0x0800a7be   0x0800a7be   0x0000001e   Code   RO         8017    i.sys_mutex_new     sys_arch.o
    0x0800a7dc   0x0800a7dc   0x00000006   Code   RO         8018    i.sys_mutex_unlock  sys_arch.o
    0x0800a7e2   0x0800a7e2   0x00000004   Code   RO         3674    i.sys_now           ethernetif.o
    0x0800a7e6   0x0800a7e6   0x00000006   Code   RO         8019    i.sys_sem_free      sys_arch.o
    0x0800a7ec   0x0800a7ec   0x0000002c   Code   RO         8020    i.sys_sem_new       sys_arch.o
    0x0800a818   0x0800a818   0x00000006   Code   RO         8021    i.sys_sem_set_invalid  sys_arch.o
    0x0800a81e   0x0800a81e   0x00000006   Code   RO         8022    i.sys_sem_signal    sys_arch.o
    0x0800a824   0x0800a824   0x0000000a   Code   RO         8023    i.sys_sem_valid     sys_arch.o
    0x0800a82e   0x0800a82e   0x00000030   Code   RO         8024    i.sys_thread_new    sys_arch.o
    0x0800a85e   0x0800a85e   0x00000002   PAD
    0x0800a860   0x0800a860   0x000000c4   Code   RO         7313    i.sys_timeout       timeouts.o
    0x0800a924   0x0800a924   0x000000f8   Code   RO         7314    i.sys_timeout_abs   timeouts.o
    0x0800aa1c   0x0800aa1c   0x00000028   Code   RO         7315    i.sys_timeouts_init  timeouts.o
    0x0800aa44   0x0800aa44   0x00000028   Code   RO         7316    i.sys_timeouts_sleeptime  timeouts.o
    0x0800aa6c   0x0800aa6c   0x000001ac   Code   RO         6755    i.tcp_abandon       tcp.o
    0x0800ac18   0x0800ac18   0x00000006   Code   RO         6756    i.tcp_abort         tcp.o
    0x0800ac1e   0x0800ac1e   0x0000000e   Code   RO         6757    i.tcp_accept        tcp.o
    0x0800ac2c   0x0800ac2c   0x00000124   Code   RO         6759    i.tcp_alloc         tcp.o
    0x0800ad50   0x0800ad50   0x00000008   Code   RO         6760    i.tcp_arg           tcp.o
    0x0800ad58   0x0800ad58   0x000000a0   Code   RO         6763    i.tcp_close         tcp.o
    0x0800adf8   0x0800adf8   0x000001dc   Code   RO         6764    i.tcp_close_shutdown  tcp.o
    0x0800afd4   0x0800afd4   0x000000c4   Code   RO         6765    i.tcp_close_shutdown_fin  tcp.o
    0x0800b098   0x0800b098   0x000001e0   Code   RO         6766    i.tcp_connect       tcp.o
    0x0800b278   0x0800b278   0x00000180   Code   RO         7150    i.tcp_create_segment  tcp_out.o
    0x0800b3f8   0x0800b3f8   0x000000b8   Code   RO         6768    i.tcp_eff_send_mss_netif  tcp.o
    0x0800b4b0   0x0800b4b0   0x00000234   Code   RO         7151    i.tcp_enqueue_flags  tcp_out.o
    0x0800b6e4   0x0800b6e4   0x000000a4   Code   RO         6769    i.tcp_err           tcp.o
    0x0800b788   0x0800b788   0x0000006c   Code   RO         6770    i.tcp_fasttmr       tcp.o
    0x0800b7f4   0x0800b7f4   0x00000090   Code   RO         6771    i.tcp_free          tcp.o
    0x0800b884   0x0800b884   0x0000013c   Code   RO         7061    i.tcp_free_acked_segments  tcp_in.o
    0x0800b9c0   0x0800b9c0   0x00000014   Code   RO         6772    i.tcp_free_ooseq    tcp.o
    0x0800b9d4   0x0800b9d4   0x00000028   Code   RO         7062    i.tcp_get_next_optbyte  tcp_in.o
    0x0800b9fc   0x0800b9fc   0x00000018   Code   RO         6773    i.tcp_init          tcp.o
    0x0800ba14   0x0800ba14   0x00000650   Code   RO         7063    i.tcp_input         tcp_in.o
    0x0800c064   0x0800c064   0x000000d4   Code   RO         7064    i.tcp_input_delayed_close  tcp_in.o
    0x0800c138   0x0800c138   0x000000cc   Code   RO         7152    i.tcp_keepalive     tcp_out.o
    0x0800c204   0x0800c204   0x000000bc   Code   RO         6774    i.tcp_kill_state    tcp.o
    0x0800c2c0   0x0800c2c0   0x00000070   Code   RO         6775    i.tcp_listen_closed  tcp.o
    0x0800c330   0x0800c330   0x00000198   Code   RO         7065    i.tcp_listen_input  tcp_in.o
    0x0800c4c8   0x0800c4c8   0x0000004c   Code   RO         6778    i.tcp_netif_ip_addr_changed  tcp.o
    0x0800c514   0x0800c514   0x000000c0   Code   RO         6779    i.tcp_netif_ip_addr_changed_pcblist  tcp.o
    0x0800c5d4   0x0800c5d4   0x00000006   Code   RO         6781    i.tcp_new_ip_type   tcp.o
    0x0800c5da   0x0800c5da   0x00000002   PAD
    0x0800c5dc   0x0800c5dc   0x00000060   Code   RO         6782    i.tcp_new_port      tcp.o
    0x0800c63c   0x0800c63c   0x00000098   Code   RO         6783    i.tcp_next_iss      tcp.o
    0x0800c6d4   0x0800c6d4   0x0000010c   Code   RO         7066    i.tcp_oos_insert_segment  tcp_in.o
    0x0800c7e0   0x0800c7e0   0x000002e0   Code   RO         7153    i.tcp_output        tcp_out.o
    0x0800cac0   0x0800cac0   0x000000cc   Code   RO         7154    i.tcp_output_alloc_header  tcp_out.o
    0x0800cb8c   0x0800cb8c   0x00000110   Code   RO         7155    i.tcp_output_alloc_header_common  tcp_out.o
    0x0800cc9c   0x0800cc9c   0x000000e0   Code   RO         7156    i.tcp_output_control_segment  tcp_out.o
    0x0800cd7c   0x0800cd7c   0x000000d8   Code   RO         7157    i.tcp_output_fill_options  tcp_out.o
    0x0800ce54   0x0800ce54   0x000001dc   Code   RO         7158    i.tcp_output_segment  tcp_out.o
    0x0800d030   0x0800d030   0x000000a8   Code   RO         7159    i.tcp_output_segment_busy  tcp_out.o
    0x0800d0d8   0x0800d0d8   0x000000fc   Code   RO         7067    i.tcp_parseopt      tcp_in.o
    0x0800d1d4   0x0800d1d4   0x00000150   Code   RO         7160    i.tcp_pbuf_prealloc  tcp_out.o
    0x0800d324   0x0800d324   0x000000cc   Code   RO         6784    i.tcp_pcb_purge     tcp.o
    0x0800d3f0   0x0800d3f0   0x00000190   Code   RO         6785    i.tcp_pcb_remove    tcp.o
    0x0800d580   0x0800d580   0x000000cc   Code   RO         6786    i.tcp_poll          tcp.o
    0x0800d64c   0x0800d64c   0x000004c2   Code   RO         7068    i.tcp_process       tcp_in.o
    0x0800db0e   0x0800db0e   0x00000002   PAD
    0x0800db10   0x0800db10   0x00000104   Code   RO         6787    i.tcp_process_refused_data  tcp.o
    0x0800dc14   0x0800dc14   0x00000904   Code   RO         7069    i.tcp_receive       tcp_in.o
    0x0800e518   0x0800e518   0x000000a4   Code   RO         6788    i.tcp_recv          tcp.o
    0x0800e5bc   0x0800e5bc   0x000000b0   Code   RO         6789    i.tcp_recv_null     tcp.o
    0x0800e66c   0x0800e66c   0x00000100   Code   RO         6790    i.tcp_recved        tcp.o
    0x0800e76c   0x0800e76c   0x00000058   Code   RO         6791    i.tcp_remove_listener  tcp.o
    0x0800e7c4   0x0800e7c4   0x000000ec   Code   RO         7161    i.tcp_rexmit        tcp_out.o
    0x0800e8b0   0x0800e8b0   0x000000e8   Code   RO         7162    i.tcp_rexmit_fast   tcp_out.o
    0x0800e998   0x0800e998   0x000000a4   Code   RO         7163    i.tcp_rexmit_rto    tcp_out.o
    0x0800ea3c   0x0800ea3c   0x000000ac   Code   RO         7164    i.tcp_rexmit_rto_commit  tcp_out.o
    0x0800eae8   0x0800eae8   0x000000f8   Code   RO         7165    i.tcp_rexmit_rto_prepare  tcp_out.o
    0x0800ebe0   0x0800ebe0   0x00000010   Code   RO         7166    i.tcp_route         tcp_out.o
    0x0800ebf0   0x0800ebf0   0x00000114   Code   RO         7167    i.tcp_rst           tcp_out.o
    0x0800ed04   0x0800ed04   0x000000ac   Code   RO         6792    i.tcp_seg_copy      tcp.o
    0x0800edb0   0x0800edb0   0x0000001c   Code   RO         6793    i.tcp_seg_free      tcp.o
    0x0800edcc   0x0800edcc   0x00000012   Code   RO         6794    i.tcp_segs_free     tcp.o
    0x0800edde   0x0800edde   0x00000002   PAD
    0x0800ede0   0x0800ede0   0x000000ec   Code   RO         7168    i.tcp_send_empty_ack  tcp_out.o
    0x0800eecc   0x0800eecc   0x000000cc   Code   RO         7169    i.tcp_send_fin      tcp_out.o
    0x0800ef98   0x0800ef98   0x000000a4   Code   RO         6795    i.tcp_sent          tcp.o
    0x0800f03c   0x0800f03c   0x000000dc   Code   RO         6797    i.tcp_shutdown      tcp.o
    0x0800f118   0x0800f118   0x000005d0   Code   RO         6798    i.tcp_slowtmr       tcp.o
    0x0800f6e8   0x0800f6e8   0x0000022c   Code   RO         7170    i.tcp_split_unsent_seg  tcp_out.o
    0x0800f914   0x0800f914   0x00000034   Code   RO         7318    i.tcp_timer_needed  timeouts.o
    0x0800f948   0x0800f948   0x00000100   Code   RO         7070    i.tcp_timewait_input  tcp_in.o
    0x0800fa48   0x0800fa48   0x00000020   Code   RO         6800    i.tcp_tmr           tcp.o
    0x0800fa68   0x0800fa68   0x00000010   Code   RO         7071    i.tcp_trigger_input_pcb_close  tcp_in.o
    0x0800fa78   0x0800fa78   0x000000f4   Code   RO         6802    i.tcp_update_rcv_ann_wnd  tcp.o
    0x0800fb6c   0x0800fb6c   0x000006b8   Code   RO         7171    i.tcp_write         tcp_out.o
    0x08010224   0x08010224   0x00000174   Code   RO         7172    i.tcp_write_checks  tcp_out.o
    0x08010398   0x08010398   0x00000140   Code   RO         7173    i.tcp_zero_window_probe  tcp_out.o
    0x080104d8   0x080104d8   0x00000110   Code   RO         5686    i.tcpip_init        tcpip.o
    0x080105e8   0x080105e8   0x000000c0   Code   RO         5687    i.tcpip_inpkt       tcpip.o
    0x080106a8   0x080106a8   0x0000001c   Code   RO         5688    i.tcpip_input       tcpip.o
    0x080106c4   0x080106c4   0x00000020   Code   RO         5689    i.tcpip_send_msg_wait_sem  tcpip.o
    0x080106e4   0x080106e4   0x00000038   Code   RO         7319    i.tcpip_tcp_timer   timeouts.o
    0x0801071c   0x0801071c   0x000000f8   Code   RO         5690    i.tcpip_thread      tcpip.o
    0x08010814   0x08010814   0x000000cc   Code   RO         5691    i.tcpip_thread_handle_msg  tcpip.o
    0x080108e0   0x080108e0   0x000000bc   Code   RO         5692    i.tcpip_try_callback  tcpip.o
    0x0801099c   0x0801099c   0x00000012   Code   RO         5411    i.tryget_socket     sockets.o
    0x080109ae   0x080109ae   0x00000002   PAD
    0x080109b0   0x080109b0   0x00000014   Code   RO         5413    i.tryget_socket_unconn_nouse  sockets.o
    0x080109c4   0x080109c4   0x00000026   Code   RO         8520    i.uxListRemove      list.o
    0x080109ea   0x080109ea   0x00000024   Code   RO         8565    i.uxQueueMessagesWaiting  queue.o
    0x08010a0e   0x08010a0e   0x00000016   Code   RO         8566    i.uxQueueMessagesWaitingFromISR  queue.o
    0x08010a24   0x08010a24   0x000000ac   Code   RO         8931    i.uxTaskGetSystemState  tasks.o
    0x08010ad0   0x08010ad0   0x00000014   Code   RO          387    i.vApplicationGetIdleTaskMemory  freertos.o
    0x08010ae4   0x08010ae4   0x00000016   Code   RO         8521    i.vListInitialise   list.o
    0x08010afa   0x08010afa   0x00000006   Code   RO         8522    i.vListInitialiseItem  list.o
    0x08010b00   0x08010b00   0x00000030   Code   RO         8523    i.vListInsert       list.o
    0x08010b30   0x08010b30   0x00000018   Code   RO         8524    i.vListInsertEnd    list.o
    0x08010b48   0x08010b48   0x00000040   Code   RO         9726    i.vPortEnterCritical  port.o
    0x08010b88   0x08010b88   0x00000028   Code   RO         9727    i.vPortExitCritical  port.o
    0x08010bb0   0x08010bb0   0x00000064   Code   RO         9657    i.vPortFree         heap_4.o
    0x08010c14   0x08010c14   0x00000024   Code   RO         9728    i.vPortSetupTimerInterrupt  port.o
    0x08010c38   0x08010c38   0x00000054   Code   RO         9729    i.vPortValidateInterruptPriority  port.o
    0x08010c8c   0x08010c8c   0x0000002e   Code   RO         8569    i.vQueueDelete      queue.o
    0x08010cba   0x08010cba   0x00000002   PAD
    0x08010cbc   0x08010cbc   0x00000028   Code   RO         8571    i.vQueueUnregisterQueue  queue.o
    0x08010ce4   0x08010ce4   0x0000004c   Code   RO         8936    i.vTaskDelay        tasks.o
    0x08010d30   0x08010d30   0x00000084   Code   RO         8939    i.vTaskGetInfo      tasks.o
    0x08010db4   0x08010db4   0x000000a4   Code   RO         8940    i.vTaskGetRunTimeStats  tasks.o
    0x08010e58   0x08010e58   0x00000010   Code   RO         8941    i.vTaskInternalSetTimeOutState  tasks.o
    0x08010e68   0x08010e68   0x000000ac   Code   RO         8942    i.vTaskList         tasks.o
    0x08010f14   0x08010f14   0x0000000c   Code   RO         8943    i.vTaskMissedYield  tasks.o
    0x08010f20   0x08010f20   0x00000030   Code   RO         8945    i.vTaskPlaceOnEventList  tasks.o
    0x08010f50   0x08010f50   0x000000a0   Code   RO         8947    i.vTaskPriorityDisinheritAfterTimeout  tasks.o
    0x08010ff0   0x08010ff0   0x00000070   Code   RO         8953    i.vTaskStartScheduler  tasks.o
    0x08011060   0x08011060   0x00000010   Code   RO         8955    i.vTaskSuspendAll   tasks.o
    0x08011070   0x08011070   0x00000074   Code   RO         8956    i.vTaskSwitchContext  tasks.o
    0x080110e4   0x080110e4   0x0000000c   Code   RO         9660    i.xPortGetFreeHeapSize  heap_4.o
    0x080110f0   0x080110f0   0x000000f4   Code   RO         9730    i.xPortStartScheduler  port.o
    0x080111e4   0x080111e4   0x00000016   Code   RO         8572    i.xQueueCreateMutex  queue.o
    0x080111fa   0x080111fa   0x0000001a   Code   RO         8573    i.xQueueCreateMutexStatic  queue.o
    0x08011214   0x08011214   0x00000042   Code   RO         8574    i.xQueueGenericCreate  queue.o
    0x08011256   0x08011256   0x00000066   Code   RO         8575    i.xQueueGenericCreateStatic  queue.o
    0x080112bc   0x080112bc   0x00000088   Code   RO         8576    i.xQueueGenericReset  queue.o
    0x08011344   0x08011344   0x00000160   Code   RO         8577    i.xQueueGenericSend  queue.o
    0x080114a4   0x080114a4   0x000000be   Code   RO         8578    i.xQueueGenericSendFromISR  queue.o
    0x08011562   0x08011562   0x0000009c   Code   RO         8579    i.xQueueGiveFromISR  queue.o
    0x080115fe   0x080115fe   0x00000002   PAD
    0x08011600   0x08011600   0x00000138   Code   RO         8584    i.xQueueReceive     queue.o
    0x08011738   0x08011738   0x0000009a   Code   RO         8585    i.xQueueReceiveFromISR  queue.o
    0x080117d2   0x080117d2   0x00000002   PAD
    0x080117d4   0x080117d4   0x00000178   Code   RO         8586    i.xQueueSemaphoreTake  queue.o
    0x0801194c   0x0801194c   0x00000074   Code   RO         8958    i.xTaskCheckForTimeOut  tasks.o
    0x080119c0   0x080119c0   0x0000005a   Code   RO         8959    i.xTaskCreate       tasks.o
    0x08011a1a   0x08011a1a   0x00000056   Code   RO         8960    i.xTaskCreateStatic  tasks.o
    0x08011a70   0x08011a70   0x0000001c   Code   RO         8964    i.xTaskGetSchedulerState  tasks.o
    0x08011a8c   0x08011a8c   0x0000000c   Code   RO         8965    i.xTaskGetTickCount  tasks.o
    0x08011a98   0x08011a98   0x00000010   Code   RO         8966    i.xTaskGetTickCountFromISR  tasks.o
    0x08011aa8   0x08011aa8   0x000000cc   Code   RO         8967    i.xTaskIncrementTick  tasks.o
    0x08011b74   0x08011b74   0x00000098   Code   RO         8970    i.xTaskPriorityDisinherit  tasks.o
    0x08011c0c   0x08011c0c   0x0000008c   Code   RO         8971    i.xTaskPriorityInherit  tasks.o
    0x08011c98   0x08011c98   0x00000074   Code   RO         8972    i.xTaskRemoveFromEventList  tasks.o
    0x08011d0c   0x08011d0c   0x000000c4   Code   RO         8973    i.xTaskResumeAll    tasks.o
    0x08011dd0   0x08011dd0   0x00000054   Data   RO          389    .constdata          freertos.o
    0x08011e24   0x08011e24   0x00000010   Data   RO         3619    .constdata          system_stm32f4xx.o
    0x08011e34   0x08011e34   0x00000008   Data   RO         3620    .constdata          system_stm32f4xx.o
    0x08011e3c   0x08011e3c   0x00000028   Data   RO         3677    .constdata          ethernetif.o
    0x08011e64   0x08011e64   0x0000001c   Data   RO         3840    .constdata          lwip.o
    0x08011e80   0x08011e80   0x00000006   Data   RO         4526    .constdata          ethernet.o
    0x08011e86   0x08011e86   0x00000006   Data   RO         4527    .constdata          ethernet.o
    0x08011e8c   0x08011e8c   0x00000003   Data   RO         4993    .constdata          api_msg.o
    0x08011e8f   0x08011e8f   0x00000001   PAD
    0x08011e90   0x08011e90   0x00000044   Data   RO         5170    .constdata          err.o
    0x08011ed4   0x08011ed4   0x0000000c   Data   RO         6157    .constdata          memp.o
    0x08011ee0   0x08011ee0   0x0000000c   Data   RO         6158    .constdata          memp.o
    0x08011eec   0x08011eec   0x0000000c   Data   RO         6159    .constdata          memp.o
    0x08011ef8   0x08011ef8   0x0000000c   Data   RO         6160    .constdata          memp.o
    0x08011f04   0x08011f04   0x0000000c   Data   RO         6161    .constdata          memp.o
    0x08011f10   0x08011f10   0x0000000c   Data   RO         6162    .constdata          memp.o
    0x08011f1c   0x08011f1c   0x0000000c   Data   RO         6163    .constdata          memp.o
    0x08011f28   0x08011f28   0x0000000c   Data   RO         6164    .constdata          memp.o
    0x08011f34   0x08011f34   0x0000000c   Data   RO         6165    .constdata          memp.o
    0x08011f40   0x08011f40   0x0000000c   Data   RO         6166    .constdata          memp.o
    0x08011f4c   0x08011f4c   0x0000000c   Data   RO         6167    .constdata          memp.o
    0x08011f58   0x08011f58   0x0000000c   Data   RO         6168    .constdata          memp.o
    0x08011f64   0x08011f64   0x00000030   Data   RO         6169    .constdata          memp.o
    0x08011f94   0x08011f94   0x00000054   Data   RO         6803    .constdata          tcp.o
    0x08011fe8   0x08011fe8   0x00000018   Data   RO         7320    .constdata          timeouts.o
    0x08012000   0x08012000   0x00000004   Data   RO         7680    .constdata          ip4_addr.o
    0x08012004   0x08012004   0x00000018   Data   RO         8025    .constdata          sys_arch.o
    0x0801201c   0x0801201c   0x00000081   Data   RO         9804    .constdata          mc_w.l(ctype_o.o)
    0x0801209d   0x0801209d   0x00000003   PAD
    0x080120a0   0x080120a0   0x00000004   Data   RO         9805    .constdata          mc_w.l(ctype_o.o)
    0x080120a4   0x080120a4   0x00000060   Data   RO          390    .conststring        freertos.o
    0x08012104   0x08012104   0x00000006   Data   RO         3678    .conststring        ethernetif.o
    0x0801210a   0x0801210a   0x00000002   PAD
    0x0801210c   0x0801210c   0x00000008   Data   RO         3841    .conststring        lwip.o
    0x08012114   0x08012114   0x00000075   Data   RO         6804    .conststring        tcp.o
    0x08012189   0x08012189   0x00000003   PAD
    0x0801218c   0x0801218c   0x00000055   Data   RO         7174    .conststring        tcp_out.o
    0x080121e1   0x080121e1   0x00000003   PAD
    0x080121e4   0x080121e4   0x00000041   Data   RO         7468    .conststring        etharp.o
    0x08012225   0x08012225   0x00000003   PAD
    0x08012228   0x08012228   0x00000020   Data   RO        10202    Region$$Table       anon$$obj.o


    Execution Region RW_IRAM2 (Exec base: 0x10000000, Load base: 0x08012270, Size: 0x00000000, Max: 0x00010000, ABSOLUTE)

    **** No section assigned to this execution region ****


    Execution Region RW_IRAM1 (Exec base: 0x20000000, Load base: 0x08012248, Size: 0x00018fc0, Max: 0x00030000, ABSOLUTE, COMPRESSED[0x00000028])

    Exec Addr    Load Addr    Size         Type   Attr      Idx    E Section Name        Object

    0x20000000   COMPRESSED   0x00000004   Data   RW           34    .data               main.o
    0x20000004   COMPRESSED   0x0000000c   Data   RW          391    .data               freertos.o
    0x20000010   COMPRESSED   0x0000000c   Data   RW         1705    .data               stm32f4xx_hal.o
    0x2000001c   COMPRESSED   0x00000004   Data   RW         3621    .data               system_stm32f4xx.o
    0x20000020   COMPRESSED   0x00000020   Data   RW         3679    .data               ethernetif.o
    0x20000040   COMPRESSED   0x00000004   Data   RW         3680    .data               ethernetif.o
    0x20000044   COMPRESSED   0x00000018   Data   RW         3842    .data               lwip.o
    0x2000005c   COMPRESSED   0x00000004   Data   RW         5415    .data               sockets.o
    0x20000060   COMPRESSED   0x00000010   Data   RW         5693    .data               tcpip.o
    0x20000070   COMPRESSED   0x00000010   Data   RW         6079    .data               mem.o
    0x20000080   COMPRESSED   0x00000004   Data   RW         6170    .data               memp.o
    0x20000084   COMPRESSED   0x00000004   Data   RW         6171    .data               memp.o
    0x20000088   COMPRESSED   0x00000004   Data   RW         6172    .data               memp.o
    0x2000008c   COMPRESSED   0x00000004   Data   RW         6173    .data               memp.o
    0x20000090   COMPRESSED   0x00000004   Data   RW         6174    .data               memp.o
    0x20000094   COMPRESSED   0x00000004   Data   RW         6175    .data               memp.o
    0x20000098   COMPRESSED   0x00000004   Data   RW         6176    .data               memp.o
    0x2000009c   COMPRESSED   0x00000004   Data   RW         6177    .data               memp.o
    0x200000a0   COMPRESSED   0x00000004   Data   RW         6178    .data               memp.o
    0x200000a4   COMPRESSED   0x00000004   Data   RW         6179    .data               memp.o
    0x200000a8   COMPRESSED   0x00000004   Data   RW         6180    .data               memp.o
    0x200000ac   COMPRESSED   0x00000004   Data   RW         6181    .data               memp.o
    0x200000b0   COMPRESSED   0x0000000c   Data   RW         6315    .data               netif.o
    0x200000bc   COMPRESSED   0x00000001   Data   RW         6506    .data               pbuf.o
    0x200000bd   COMPRESSED   0x00000003   PAD
    0x200000c0   COMPRESSED   0x00000020   Data   RW         6805    .data               tcp.o
    0x200000e0   COMPRESSED   0x00000024   Data   RW         7073    .data               tcp_in.o
    0x20000104   COMPRESSED   0x0000000c   Data   RW         7322    .data               timeouts.o
    0x20000110   COMPRESSED   0x00000001   Data   RW         7469    .data               etharp.o
    0x20000111   COMPRESSED   0x00000001   PAD
    0x20000112   COMPRESSED   0x00000002   Data   RW         7624    .data               ip4.o
    0x20000114   COMPRESSED   0x00000008   Data   RW         7751    .data               ip4_frag.o
    0x2000011c   COMPRESSED   0x00000004   Data   RW         8026    .data               sys_arch.o
    0x20000120   COMPRESSED   0x00000004   Data   RW         8027    .data               sys_arch.o
    0x20000124   COMPRESSED   0x00000044   Data   RW         8976    .data               tasks.o
    0x20000168   COMPRESSED   0x00000020   Data   RW         9663    .data               heap_4.o
    0x20000188   COMPRESSED   0x0000000c   Data   RW         9731    .data               port.o
    0x20000194   COMPRESSED   0x00000004   Data   RW         9832    .data               mc_w.l(rand.o)
    0x20000198   COMPRESSED   0x00000004   Data   RW        10163    .data               mc_w.l(stdout.o)
    0x2000019c   COMPRESSED   0x00000004   Data   RW        10170    .data               mc_w.l(mvars.o)
    0x200001a0   COMPRESSED   0x00000004   Data   RW        10171    .data               mc_w.l(mvars.o)
    0x200001a4        -       0x00000260   Zero   RW          388    .bss                freertos.o
    0x20000404        -       0x00000048   Zero   RW          506    .bss                tim.o
    0x2000044c        -       0x00000044   Zero   RW          548    .bss                usart.o
    0x20000490        -       0x00000048   Zero   RW          696    .bss                stm32f4xx_hal_timebase_tim.o
    0x200004d8        -       0x00004983   Zero   RW         3675    .bss                ethernetif.o
    0x20004e5b   COMPRESSED   0x00000001   PAD
    0x20004e5c        -       0x00000248   Zero   RW         3676    .bss                ethernetif.o
    0x200050a4        -       0x00000034   Zero   RW         3839    .bss                lwip.o
    0x200050d8        -       0x00000040   Zero   RW         5414    .bss                sockets.o
    0x20005118        -       0x00000018   Zero   RW         6046    .bss                ip.o
    0x20005130        -       0x00000653   Zero   RW         6078    .bss                mem.o
    0x20005783        -       0x0000030f   Zero   RW         6145    .bss                memp.o
    0x20005a92        -       0x000000e3   Zero   RW         6146    .bss                memp.o
    0x20005b75        -       0x00000103   Zero   RW         6147    .bss                memp.o
    0x20005c78        -       0x000000a3   Zero   RW         6148    .bss                memp.o
    0x20005d1b        -       0x0000016b   Zero   RW         6149    .bss                memp.o
    0x20005e86        -       0x00000023   Zero   RW         6150    .bss                memp.o
    0x20005ea9        -       0x000000a3   Zero   RW         6151    .bss                memp.o
    0x20005f4c        -       0x00000083   Zero   RW         6152    .bss                memp.o
    0x20005fcf        -       0x00000083   Zero   RW         6153    .bss                memp.o
    0x20006052        -       0x00000033   Zero   RW         6154    .bss                memp.o
    0x20006085        -       0x00000103   Zero   RW         6155    .bss                memp.o
    0x20006188        -       0x00002603   Zero   RW         6156    .bss                memp.o
    0x2000878b   COMPRESSED   0x00000001   PAD
    0x2000878c        -       0x00000010   Zero   RW         7072    .bss                tcp_in.o
    0x2000879c        -       0x000000f0   Zero   RW         7467    .bss                etharp.o
    0x2000888c        -       0x00000040   Zero   RW         8587    .bss                queue.o
    0x200088cc        -       0x000000f0   Zero   RW         8975    .bss                tasks.o
    0x200089bc        -       0x00010000   Zero   RW         9662    .bss                heap_4.o
    0x200189bc   COMPRESSED   0x00000004   PAD
    0x200189c0        -       0x00000200   Zero   RW            2    HEAP                startup_stm32f429xx.o
    0x20018bc0        -       0x00000400   Zero   RW            1    STACK               startup_stm32f429xx.o


==============================================================================

Image component sizes


      Code (inc. data)   RO Data    RW Data    ZI Data      Debug   Object Name

      1266        688          0          0          0      34607   api_lib.o
      5724       2668          3          0          0      34976   api_msg.o
         0          0          0          0          0       6515   bridgeif.o
         0          0          0          0          0       1444   client.o
       950         30          0          0          0      39486   cmsis_os.o
         8          0          0          0          0       1130   def.o
        28          4         68          0          0       3115   err.o
      2936       1186         65          1        240      12999   etharp.o
       412        154         12          0          0       2786   ethernet.o
      1494        210         46         36      19403      23935   ethernetif.o
         0          0          0          0          0      17584   event_groups.o
       654        268        180         12        608      22679   freertos.o
       352         34          0          0          0       1211   gpio.o
       484         30          0         32      65536       8122   heap_4.o
       776        350          0          0          0       4518   icmp.o
         0          0          0          0          0       2122   if_api.o
        30          0          0          0          0      10147   init.o
         0          0          0          0         24       3246   ip.o
       906        186          0          2          0       5716   ip4.o
       462        120          4          0          0      12211   ip4_addr.o
      2904       1164          0          8          0      11878   ip4_frag.o
       396          0          0          0          0       3034   lan8742.o
       138          0          0          0          0       3634   list.o
       346         26         36         24         52       6517   lwip.o
       272         32          0          4          0     836624   main.o
      2172       1044          0         16       1619       7841   mem.o
      1022        720        192         48      12296      13066   memp.o
        34          0          0          0          0      10072   netbuf.o
      1764        996          0         12          0      16196   netif.o
      3398       1796          0          1          0      17001   pbuf.o
       786         82          0         12          0      12017   port.o
      2372         22          0          0         64      26898   queue.o
      1548        520          0          4         64      31415   sockets.o
        36          8        428          0       1536        848   startup_stm32f429xx.o
       116         18          0         12          0       8962   stm32f4xx_hal.o
       158         14          0          0          0      33234   stm32f4xx_hal_cortex.o
       182          0          0          0          0       2139   stm32f4xx_hal_dma.o
      3180         88          0          0          0      21348   stm32f4xx_hal_eth.o
       590         54          0          0          0       2909   stm32f4xx_hal_gpio.o
        56          4          0          0          0        894   stm32f4xx_hal_msp.o
       112         14          0          0          0       1316   stm32f4xx_hal_pwr_ex.o
      1420         88          0          0          0       6493   stm32f4xx_hal_rcc.o
       784         72          0          0          0       6941   stm32f4xx_hal_tim.o
       148         28          0          0          0       2513   stm32f4xx_hal_tim_ex.o
       140         20          0          0         72       1467   stm32f4xx_hal_timebase_tim.o
      1574         16          0          0          0      10668   stm32f4xx_hal_uart.o
        60         24          0          0          0       4811   stm32f4xx_it.o
         0          0          0          0          0        400   stream_buffer.o
       484         24         24          8          0      31336   sys_arch.o
        16          4         24          4          0       1171   system_stm32f4xx.o
      3292        264          0         68        240      36223   tasks.o
      7644       3734        201         32          0      41037   tcp.o
      6910       2036          0         36         16      22867   tcp_in.o
      8536       4058         85          0          0      35302   tcp_out.o
      1164        666          0         16          0       8514   tcpip.o
       128         18          0          0         72       1658   tim.o
       760        374         24         12          0       7675   timeouts.o
       180         22          0          0         68       1778   usart.o

    ----------------------------------------------------------------------
     71414      23978       1436        404     101916    1537246   Object Totals
         0          0         32          0          0          0   (incl. Generated)
       110          0         12          4          6          0   (incl. Padding)

    ----------------------------------------------------------------------

      Code (inc. data)   RO Data    RW Data    ZI Data      Debug   Library Member Name

        86          0          0          0          0          0   __dczerorl2.o
        28          0          0          0          0         76   calloc.o
         8          4        133          0          0         68   ctype_o.o
         0          0          0          0          0          0   entry.o
         0          0          0          0          0          0   entry10a.o
         0          0          0          0          0          0   entry11a.o
         4          0          0          0          0          0   entry12b.o
         8          4          0          0          0          0   entry2.o
         4          0          0          0          0          0   entry5.o
         0          0          0          0          0          0   entry7b.o
         0          0          0          0          0          0   entry8b.o
         8          4          0          0          0          0   entry9a.o
        30          0          0          0          0          0   handlers.o
        36          8          0          0          0         68   init.o
        30          0          0          0          0         68   llshl.o
        32          0          0          0          0         68   llushr.o
       188         20          0          0          0        160   malloc.o
        26          0          0          0          0         80   memcmp.o
        64          0          0          0          0         76   memmovea.o
        36          0          0          0          0        108   memseta.o
         0          0          0          8          0          0   mvars.o
       522         20          0          0          0        336   printf3.o
        36         10          0          4          0        136   rand.o
         0          0          0          4          0          0   stdout.o
        18          0          0          0          0         68   strcpy.o
        14          0          0          0          0         68   strlen.o
        44          0          0          0          0         80   uidiv.o
        98          0          0          0          0         92   uldiv.o

    ----------------------------------------------------------------------
      1326         70        136         16          0       1552   Library Totals
         6          0          3          0          0          0   (incl. Padding)

    ----------------------------------------------------------------------

      Code (inc. data)   RO Data    RW Data    ZI Data      Debug   Library Name

      1320         70        133         16          0       1552   mc_w.l

    ----------------------------------------------------------------------
      1326         70        136         16          0       1552   Library Totals

    ----------------------------------------------------------------------

==============================================================================


      Code (inc. data)   RO Data    RW Data    ZI Data      Debug   

     72740      24048       1572        420     101916    1494154   Grand Totals
     72740      24048       1572         40     101916    1494154   ELF Image Totals (compressed)
     72740      24048       1572         40          0          0   ROM Totals

==============================================================================

    Total RO  Size (Code + RO Data)                74312 (  72.57kB)
    Total RW  Size (RW Data + ZI Data)            102336 (  99.94kB)
    Total ROM Size (Code + RO Data + RW Data)      74352 (  72.61kB)

==============================================================================

